[WebServer] (node:30373) Warning: The 'NO_COLOR' env is ignored due to the 'FORCE_COLOR' env being set.
[WebServer] (Use `node --trace-warnings ...` to show where the warning was created)

Running 60 tests using 1 worker

(node:30375) Warning: The 'NO_COLOR' env is ignored due to the 'FORCE_COLOR' env being set.
(Use `node --trace-warnings ...` to show where the warning was created)
  ✓   1 [chromium] › tests/workspace.spec.ts:147:5 › generated contracts reject malformed data and unsafe source links (7ms)
  ✓   2 [chromium] › tests/workspace.spec.ts:157:5 › workspace renders with fictional records (953ms)
  ✓   3 [chromium] › tests/workspace.spec.ts:179:5 › flagship navigation, URL filters and command palette work by keyboard (596ms)
  ✓   4 [chromium] › tests/workspace.spec.ts:213:5 › pause is database-authoritative even with no active batch; failed pause is not optimistic (381ms)
  ✓   5 [chromium] › tests/workspace.spec.ts:238:5 › review supports approval, return for changes, return to draft and edits that invalidate review (562ms)
  ✓   6 [chromium] › tests/workspace.spec.ts:277:5 › sent and uncertain messages are locked and never offer retry/send (185ms)
  ✓   7 [chromium] › tests/workspace.spec.ts:292:5 › localized loading, empty, failed reads and retry are usable (1.8s)
  ✓   8 [chromium] › tests/workspace.spec.ts:317:5 › profile form uses native validation and retains edits through failed save (429ms)
  ✓   9 [chromium] › tests/workspace.spec.ts:339:5 › reply handling refreshes attention without sending or reading Gmail (298ms)
  ✓  10 [chromium] › tests/workspace.spec.ts:351:5 › responsive flagship screenshots, contrast and semantic accessibility (8.3s)
  ✓  11 [chromium] › tests/workspace.spec.ts:392:5 › editor expands on viewport changes and decision controls precede the reading surface (458ms)
  ✓  12 [chromium] › tests/workspace.spec.ts:423:5 › resource reads are deduplicated and secondary screens retain the shared visual language (2.1s)
  ✓  13 [chromium] › tests/workspace.spec.ts:446:5 › discovery accepts candidates deliberately, retains URL filters and stops bounded work (487ms)
  ✓  14 [chromium] › tests/workspace.spec.ts:484:5 › discovery failure, empty state and no-provider manual import keep user input (340ms)
  ✓  15 [chromium] › tests/workspace.spec.ts:510:5 › discovery and intelligence provenance are accessible at laptop and phone sizes (2.5s)
  ✓  16 [chromium] › tests/workspace.spec.ts:571:5 › research failure keeps evidence inspectable and generation errors cannot be approved (485ms)
  ✓  17 [chromium] › tests/workspace.spec.ts:610:5 › explicit regeneration queues a new version without changing saved content or sending (272ms)
  ✓  18 [chromium] › tests/workspace.spec.ts:640:5 › response context queues a durable check and shows offline/stale processing (338ms)
  ✓  19 [chromium] › tests/workspace.spec.ts:667:7 › communication uncertainty is held with safe Sent check at 1280 (858ms)
  ✓  20 [chromium] › tests/workspace.spec.ts:667:7 › communication uncertainty is held with safe Sent check at 390 (811ms)
(node:30477) Warning: The 'NO_COLOR' env is ignored due to the 'FORCE_COLOR' env being set.
(Use `node --trace-warnings ...` to show where the warning was created)
  ✓  21 [webkit] › tests/workspace.spec.ts:147:5 › generated contracts reject malformed data and unsafe source links (6ms)
  ✓  22 [webkit] › tests/workspace.spec.ts:157:5 › workspace renders with fictional records (1.7s)
  ✓  23 [webkit] › tests/workspace.spec.ts:179:5 › flagship navigation, URL filters and command palette work by keyboard (835ms)
  ✓  24 [webkit] › tests/workspace.spec.ts:213:5 › pause is database-authoritative even with no active batch; failed pause is not optimistic (477ms)
  ✓  25 [webkit] › tests/workspace.spec.ts:238:5 › review supports approval, return for changes, return to draft and edits that invalidate review (627ms)
  ✓  26 [webkit] › tests/workspace.spec.ts:277:5 › sent and uncertain messages are locked and never offer retry/send (447ms)
  ✓  27 [webkit] › tests/workspace.spec.ts:292:5 › localized loading, empty, failed reads and retry are usable (2.1s)
  ✓  28 [webkit] › tests/workspace.spec.ts:317:5 › profile form uses native validation and retains edits through failed save (1.1s)
  ✓  29 [webkit] › tests/workspace.spec.ts:339:5 › reply handling refreshes attention without sending or reading Gmail (631ms)
  ✓  30 [webkit] › tests/workspace.spec.ts:351:5 › responsive flagship screenshots, contrast and semantic accessibility (11.1s)
  ✓  31 [webkit] › tests/workspace.spec.ts:392:5 › editor expands on viewport changes and decision controls precede the reading surface (573ms)
  ✓  32 [webkit] › tests/workspace.spec.ts:423:5 › resource reads are deduplicated and secondary screens retain the shared visual language (2.4s)
  ✓  33 [webkit] › tests/workspace.spec.ts:446:5 › discovery accepts candidates deliberately, retains URL filters and stops bounded work (590ms)
  ✓  34 [webkit] › tests/workspace.spec.ts:484:5 › discovery failure, empty state and no-provider manual import keep user input (390ms)
  ✓  35 [webkit] › tests/workspace.spec.ts:510:5 › discovery and intelligence provenance are accessible at laptop and phone sizes (2.9s)
  ✓  36 [webkit] › tests/workspace.spec.ts:571:5 › research failure keeps evidence inspectable and generation errors cannot be approved (478ms)
  ✓  37 [webkit] › tests/workspace.spec.ts:610:5 › explicit regeneration queues a new version without changing saved content or sending (364ms)
  ✓  38 [webkit] › tests/workspace.spec.ts:640:5 › response context queues a durable check and shows offline/stale processing (443ms)
  ✓  39 [webkit] › tests/workspace.spec.ts:667:7 › communication uncertainty is held with safe Sent check at 1280 (1.1s)
  ✓  40 [webkit] › tests/workspace.spec.ts:667:7 › communication uncertainty is held with safe Sent check at 390 (944ms)
(node:30820) Warning: The 'NO_COLOR' env is ignored due to the 'FORCE_COLOR' env being set.
(Use `node --trace-warnings ...` to show where the warning was created)
  ✓  41 [firefox] › tests/workspace.spec.ts:147:5 › generated contracts reject malformed data and unsafe source links (5ms)
  ✓  42 [firefox] › tests/workspace.spec.ts:157:5 › workspace renders with fictional records (1.8s)
  ✓  43 [firefox] › tests/workspace.spec.ts:179:5 › flagship navigation, URL filters and command palette work by keyboard (783ms)
  ✓  44 [firefox] › tests/workspace.spec.ts:213:5 › pause is database-authoritative even with no active batch; failed pause is not optimistic (438ms)
  ✓  45 [firefox] › tests/workspace.spec.ts:238:5 › review supports approval, return for changes, return to draft and edits that invalidate review (729ms)
  ✓  46 [firefox] › tests/workspace.spec.ts:277:5 › sent and uncertain messages are locked and never offer retry/send (438ms)
  ✓  47 [firefox] › tests/workspace.spec.ts:292:5 › localized loading, empty, failed reads and retry are usable (2.1s)
  ✓  48 [firefox] › tests/workspace.spec.ts:317:5 › profile form uses native validation and retains edits through failed save (493ms)
  ✓  49 [firefox] › tests/workspace.spec.ts:339:5 › reply handling refreshes attention without sending or reading Gmail (329ms)
  ✓  50 [firefox] › tests/workspace.spec.ts:351:5 › responsive flagship screenshots, contrast and semantic accessibility (15.4s)
  ✓  51 [firefox] › tests/workspace.spec.ts:392:5 › editor expands on viewport changes and decision controls precede the reading surface (1.4s)
  ✓  52 [firefox] › tests/workspace.spec.ts:423:5 › resource reads are deduplicated and secondary screens retain the shared visual language (2.9s)
  ✓  53 [firefox] › tests/workspace.spec.ts:446:5 › discovery accepts candidates deliberately, retains URL filters and stops bounded work (695ms)
  ✓  54 [firefox] › tests/workspace.spec.ts:484:5 › discovery failure, empty state and no-provider manual import keep user input (516ms)
  ✓  55 [firefox] › tests/workspace.spec.ts:510:5 › discovery and intelligence provenance are accessible at laptop and phone sizes (4.0s)
  ✓  56 [firefox] › tests/workspace.spec.ts:571:5 › research failure keeps evidence inspectable and generation errors cannot be approved (586ms)
  ✓  57 [firefox] › tests/workspace.spec.ts:610:5 › explicit regeneration queues a new version without changing saved content or sending (464ms)
  ✓  58 [firefox] › tests/workspace.spec.ts:640:5 › response context queues a durable check and shows offline/stale processing (591ms)
  ✓  59 [firefox] › tests/workspace.spec.ts:667:7 › communication uncertainty is held with safe Sent check at 1280 (1.4s)
  ✓  60 [firefox] › tests/workspace.spec.ts:667:7 › communication uncertainty is held with safe Sent check at 390 (1.2s)

  60 passed (1.6m)
