INFO:uvicorn.error:{"event": "operation", "operation_id": "5a9225df-1809-49a2-b115-5890eb0113a6", "job_id": "a838ff16-cf8a-4825-8bbb-a4a2510dceab", "outreach_id": null, "provider": "local", "status": "unknown"}
INFO:uvicorn.error:{"event": "operation", "operation_id": "d6ff5919-d8a0-4c5d-a331-63228bdc6656", "job_id": "a838ff16-cf8a-4825-8bbb-a4a2510dceab", "outreach_id": "812ba6cc-541d-4e25-8218-04df5b3afad2", "provider": "gmail", "status": "unknown"}
INFO:uvicorn.error:{"event": "operation", "operation_id": "bf89e1e7-ebb6-48f5-a491-3da050b6236b", "job_id": "a9277f35-4192-43af-9eed-9dbc379d92bc", "outreach_id": null, "provider": "local", "status": "reserved"}
INFO:uvicorn.error:{"event": "operation", "operation_id": "bf89e1e7-ebb6-48f5-a491-3da050b6236b", "job_id": "a9277f35-4192-43af-9eed-9dbc379d92bc", "outreach_id": null, "provider": "local", "status": "succeeded"}
INFO:uvicorn.error:{"event": "operation", "operation_id": "310ef6d3-a6b7-4f59-91a7-13d6df67c52e", "job_id": "bf0f891a-6b96-401b-8b9b-0f93317035c3", "outreach_id": null, "provider": "local", "status": "reserved"}
INFO:uvicorn.error:{"event": "operation", "operation_id": "310ef6d3-a6b7-4f59-91a7-13d6df67c52e", "job_id": "bf0f891a-6b96-401b-8b9b-0f93317035c3", "outreach_id": null, "provider": "local", "status": "succeeded"}
INFO:uvicorn.error:{"event": "operation", "operation_id": "fd8bc1ed-fb69-4937-b6ec-7af00c4e1ff2", "job_id": "0a4cda7a-450e-4395-923d-43e9407c6e5b", "outreach_id": null, "provider": "local", "status": "reserved"}
INFO:uvicorn.error:{"event": "operation", "operation_id": "fd8bc1ed-fb69-4937-b6ec-7af00c4e1ff2", "job_id": "0a4cda7a-450e-4395-923d-43e9407c6e5b", "outreach_id": null, "provider": "local", "status": "succeeded"}
INFO:uvicorn.error:{"event": "operation", "operation_id": "3b0a6809-dc32-42b1-b47f-fb26146a5a37", "job_id": "fea14dab-84c9-4271-9def-f68624b8c200", "outreach_id": null, "provider": "local", "status": "reserved"}
INFO:uvicorn.error:{"event": "operation", "operation_id": "3b0a6809-dc32-42b1-b47f-fb26146a5a37", "job_id": "fea14dab-84c9-4271-9def-f68624b8c200", "outreach_id": null, "provider": "local", "status": "succeeded"}
INFO:uvicorn.error:{"event": "operation", "operation_id": "ff04947a-cc6d-4650-9b98-a24b8f6bf2b2", "job_id": "36cb84aa-67f1-4694-909f-77579547dfec", "outreach_id": null, "provider": "local", "status": "reserved"}
INFO:uvicorn.error:{"event": "operation", "operation_id": "ff04947a-cc6d-4650-9b98-a24b8f6bf2b2", "job_id": "36cb84aa-67f1-4694-909f-77579547dfec", "outreach_id": null, "provider": "local", "status": "succeeded"}
INFO:uvicorn.error:{"event": "operation", "operation_id": "a239e1d0-762b-436e-9d23-708f03511686", "job_id": "9be96ebf-91a9-4677-a19c-e957c69634f1", "outreach_id": null, "provider": "local", "status": "reserved"}
INFO:uvicorn.error:{"event": "operation", "operation_id": "a239e1d0-762b-436e-9d23-708f03511686", "job_id": "9be96ebf-91a9-4677-a19c-e957c69634f1", "outreach_id": null, "provider": "local", "status": "succeeded"}
INFO:uvicorn.error:{"event": "operation", "operation_id": "616b4283-e58a-4a74-81dd-d47ea6f6d735", "job_id": "95eb5eb2-577c-42ca-9a3b-3118b693ef47", "outreach_id": null, "provider": "local", "status": "reserved"}
INFO:uvicorn.error:{"event": "operation", "operation_id": "616b4283-e58a-4a74-81dd-d47ea6f6d735", "job_id": "95eb5eb2-577c-42ca-9a3b-3118b693ef47", "outreach_id": null, "provider": "local", "status": "succeeded"}
INFO:uvicorn.error:{"event": "operation", "operation_id": "4421d820-5163-4f12-9390-faacd15dfff6", "job_id": "6b4ea84a-bbae-4f10-a31b-8e5a041660fd", "outreach_id": null, "provider": "local", "status": "reserved"}
INFO:uvicorn.error:{"event": "operation", "operation_id": "4421d820-5163-4f12-9390-faacd15dfff6", "job_id": "6b4ea84a-bbae-4f10-a31b-8e5a041660fd", "outreach_id": null, "provider": "local", "status": "succeeded"}
INFO:uvicorn.error:{"event": "operation", "operation_id": "e78e8de1-32ce-4c6d-85cc-255a0ac113c7", "job_id": "57baf13e-4cc6-471a-8047-55d324ec6000", "outreach_id": null, "provider": "local", "status": "reserved"}
INFO:uvicorn.error:{"event": "operation", "operation_id": "f9ac3311-ebd9-4405-be30-ce11bffd9ce7", "job_id": null, "outreach_id": "03272453-a2d9-459d-bc25-de2790940664", "provider": "gmail", "status": "reserved"}
INFO:uvicorn.error:{"event": "operation", "operation_id": "f9ac3311-ebd9-4405-be30-ce11bffd9ce7", "job_id": null, "outreach_id": "03272453-a2d9-459d-bc25-de2790940664", "provider": "gmail", "status": "succeeded"}
INFO:uvicorn.error:{"event": "operation", "operation_id": "a5ca9ebe-3ed4-4b19-b750-74b0456d01b3", "job_id": "57baf13e-4cc6-471a-8047-55d324ec6000", "outreach_id": "03272453-a2d9-459d-bc25-de2790940664", "provider": "gmail", "status": "reserved"}
INFO:uvicorn.error:{"event": "operation", "operation_id": "a5ca9ebe-3ed4-4b19-b750-74b0456d01b3", "job_id": "57baf13e-4cc6-471a-8047-55d324ec6000", "outreach_id": "03272453-a2d9-459d-bc25-de2790940664", "provider": "gmail", "status": "succeeded"}
INFO:uvicorn.error:{"event": "operation", "operation_id": "e78e8de1-32ce-4c6d-85cc-255a0ac113c7", "job_id": "57baf13e-4cc6-471a-8047-55d324ec6000", "outreach_id": null, "provider": "local", "status": "succeeded"}
INFO:uvicorn.error:{"event": "operation", "operation_id": "4a1b5518-ce40-460c-a554-8bf800e4f944", "job_id": "07281d4e-d3f8-4dc8-b315-6ec769b9091a", "outreach_id": null, "provider": "local", "status": "reserved"}
INFO:uvicorn.error:{"event": "operation", "operation_id": "4a1b5518-ce40-460c-a554-8bf800e4f944", "job_id": "07281d4e-d3f8-4dc8-b315-6ec769b9091a", "outreach_id": null, "provider": "local", "status": "succeeded"}
INFO:uvicorn.error:{"event": "operation", "operation_id": "c37e5e21-9a8d-4022-91b5-f42dfbab9759", "job_id": "da191a68-05f7-46da-9ab7-6f5cf862dbf3", "outreach_id": null, "provider": "local", "status": "reserved"}
INFO:uvicorn.error:{"event": "operation", "operation_id": "c37e5e21-9a8d-4022-91b5-f42dfbab9759", "job_id": "da191a68-05f7-46da-9ab7-6f5cf862dbf3", "outreach_id": null, "provider": "local", "status": "succeeded"}
INFO:uvicorn.error:{"event": "operation", "operation_id": "ef00e85d-760f-4974-9f10-7ae6d56b0d37", "job_id": "ae3ba843-1618-46ed-b4b7-8140ae30ccdc", "outreach_id": null, "provider": "local", "status": "reserved"}
INFO:uvicorn.error:{"event": "operation", "operation_id": "51856f21-4727-4faa-ab3e-936ff0e7a831", "job_id": null, "outreach_id": "03544849-84db-40ed-a8d2-a16d7d2a89e9", "provider": "gmail", "status": "blocked"}
INFO:uvicorn.error:{"event": "operation", "operation_id": "ef00e85d-760f-4974-9f10-7ae6d56b0d37", "job_id": "ae3ba843-1618-46ed-b4b7-8140ae30ccdc", "outreach_id": null, "provider": "local", "status": "failed"}
WARNING:worker:job_id=ae3ba843-1618-46ed-b4b7-8140ae30ccdc kind=send status=blocked category=Blocked
INFO:uvicorn.error:{"event": "operation", "operation_id": "c2e1256a-12f7-4a49-9010-7844d43dd3b8", "job_id": "c46b1e57-4e1b-4903-8b60-1d68d9eb938f", "outreach_id": null, "provider": "local", "status": "reserved"}
INFO:uvicorn.error:{"event": "operation", "operation_id": "c2e1256a-12f7-4a49-9010-7844d43dd3b8", "job_id": "c46b1e57-4e1b-4903-8b60-1d68d9eb938f", "outreach_id": null, "provider": "local", "status": "succeeded"}
INFO:uvicorn.error:{"event": "operation", "operation_id": "0712b1ca-4744-46c6-ae47-32397175a8e3", "job_id": "0dc87a0f-6d7d-40ff-881b-62b563404202", "outreach_id": null, "provider": "local", "status": "reserved"}
INFO:uvicorn.error:{"event": "operation", "operation_id": "0712b1ca-4744-46c6-ae47-32397175a8e3", "job_id": "0dc87a0f-6d7d-40ff-881b-62b563404202", "outreach_id": null, "provider": "local", "status": "succeeded"}
INFO:uvicorn.error:{"event": "operation", "operation_id": "60ed2567-734b-4a77-8b66-b51ebf4d9ad5", "job_id": "e313f120-e018-4a29-b495-6e01fbd3edc3", "outreach_id": null, "provider": "local", "status": "reserved"}
INFO:uvicorn.error:{"event": "operation", "operation_id": "60ed2567-734b-4a77-8b66-b51ebf4d9ad5", "job_id": "e313f120-e018-4a29-b495-6e01fbd3edc3", "outreach_id": null, "provider": "local", "status": "failed"}
WARNING:worker:job_id=e313f120-e018-4a29-b495-6e01fbd3edc3 kind=followup_prepare status=blocked category=Blocked
INFO:uvicorn.error:{"event": "operation", "operation_id": "40420a85-8cac-4a78-9bac-385f47caf532", "job_id": "12d5d650-611b-47c5-8365-c1c1c8fba428", "outreach_id": null, "provider": "local", "status": "reserved"}
INFO:uvicorn.error:{"event": "operation", "operation_id": "40420a85-8cac-4a78-9bac-385f47caf532", "job_id": "12d5d650-611b-47c5-8365-c1c1c8fba428", "outreach_id": null, "provider": "local", "status": "succeeded"}
INFO:uvicorn.error:{"event": "operation", "operation_id": "17ee8e33-8710-45d1-8960-62d863d0c95e", "job_id": "bf42817c-205b-4965-b701-1561ada506b6", "outreach_id": null, "provider": "local", "status": "reserved"}
INFO:uvicorn.error:{"event": "operation", "operation_id": "d28e049d-e247-4ccc-b18d-73ba0bb66076", "job_id": null, "outreach_id": "ac38e2a1-29fd-4961-94ee-86a96b90aa55", "provider": "gmail", "status": "reserved"}
INFO:uvicorn.error:{"event": "operation", "operation_id": "d28e049d-e247-4ccc-b18d-73ba0bb66076", "job_id": null, "outreach_id": "ac38e2a1-29fd-4961-94ee-86a96b90aa55", "provider": "gmail", "status": "blocked"}
INFO:uvicorn.error:{"event": "operation", "operation_id": "17ee8e33-8710-45d1-8960-62d863d0c95e", "job_id": "bf42817c-205b-4965-b701-1561ada506b6", "outreach_id": null, "provider": "local", "status": "failed"}
INFO:uvicorn.error:{"event": "operation", "operation_id": "efab2460-4189-4077-94fe-26a5ae5d2423", "job_id": "fbe041d8-ebbd-414b-8375-d105a6f43b6a", "outreach_id": null, "provider": "local", "status": "reserved"}
INFO:uvicorn.error:{"event": "operation", "operation_id": "efab2460-4189-4077-94fe-26a5ae5d2423", "job_id": "fbe041d8-ebbd-414b-8375-d105a6f43b6a", "outreach_id": null, "provider": "local", "status": "succeeded"}
INFO:uvicorn.error:{"event": "operation", "operation_id": "05d1a67a-9078-4b9f-9ee0-26c5aa05bc6c", "job_id": "557e970a-57c6-4007-abb5-c66112e503e2", "outreach_id": null, "provider": "local", "status": "reserved"}
INFO:uvicorn.error:{"event": "operation", "operation_id": "05d1a67a-9078-4b9f-9ee0-26c5aa05bc6c", "job_id": "557e970a-57c6-4007-abb5-c66112e503e2", "outreach_id": null, "provider": "local", "status": "succeeded"}
INFO:uvicorn.error:{"event": "operation", "operation_id": "d4dd1ac3-48f1-4584-b8d2-923d72dce709", "job_id": "f30aa9d4-c448-4fde-92db-f825010dff91", "outreach_id": null, "provider": "local", "status": "reserved"}
INFO:uvicorn.error:{"event": "operation", "operation_id": "d4dd1ac3-48f1-4584-b8d2-923d72dce709", "job_id": "f30aa9d4-c448-4fde-92db-f825010dff91", "outreach_id": null, "provider": "local", "status": "succeeded"}
