INFO:     Started server process [30367]
INFO:     Waiting for application startup.
INFO:     Application startup complete.
INFO:     Uvicorn running on http://127.0.0.1:18036 (Press CTRL+C to quit)
INFO:     {"event": "request", "request_id": "3ab6a11b-89a8-4c00-ae83-7a2cb4d164b4", "method": "GET", "status": 401}
INFO:     {"event": "request", "request_id": "96098cab-880b-47d4-bf03-ab47cfdf5e5f", "method": "POST", "status": 200}
INFO:     {"event": "request", "request_id": "0c5840e8-8ab1-45e2-a1f9-92042cbd9a51", "method": "GET", "status": 200}
INFO:     {"event": "request", "request_id": "a043f15b-9ff1-4d87-9f72-32669740575d", "method": "GET", "status": 200}
INFO:     {"event": "request", "request_id": "1515e8ef-bb8f-4563-9b83-ce384e25ab46", "method": "PUT", "status": 200}
INFO:     {"event": "request", "request_id": "37a6eb89-8881-4590-8844-4a8bc92eddbd", "method": "PUT", "status": 200}
INFO:     {"event": "request", "request_id": "c9e3a60a-c480-4da9-a008-1696d79f87da", "method": "POST", "status": 202}
INFO:     {"event": "request", "request_id": "24ecab4f-c47b-47c2-bf23-384cc2c3c2d0", "method": "GET", "status": 200}
INFO:     {"event": "request", "request_id": "3f80219e-22d3-4a9e-9fc5-4b6cabc451b2", "method": "GET", "status": 200}
INFO:     {"event": "request", "request_id": "0795ccd0-c0d0-45bb-b665-9f0bfb9fa0a9", "method": "GET", "status": 200}
INFO:     {"event": "request", "request_id": "ab7fd2bc-17ef-4494-89a9-13b809e319f1", "method": "GET", "status": 200}
INFO:     {"event": "request", "request_id": "2e9922c2-2d40-456e-8e07-e77d425a2719", "method": "POST", "status": 200}
INFO:     {"event": "request", "request_id": "c5a8d289-6781-4685-b63f-f5381724478b", "method": "POST", "status": 202}
INFO:     {"event": "request", "request_id": "44569397-05ec-420b-bad1-b7df6d1dd776", "method": "GET", "status": 200}
INFO:     {"event": "request", "request_id": "db22fca9-ec09-47cd-afc2-c84cd96b0334", "method": "GET", "status": 200}
INFO:     {"event": "request", "request_id": "e9e4a206-6b38-4f6b-b6ae-36bcb99ee279", "method": "GET", "status": 200}
INFO:     {"event": "request", "request_id": "5ba5ad88-42f2-4d7a-912e-e4f15b746e85", "method": "GET", "status": 200}
INFO:     {"event": "request", "request_id": "b894581e-1fba-486e-874b-f3e0e7dbcbc4", "method": "GET", "status": 200}
INFO:     {"event": "request", "request_id": "55010538-42a7-4570-9abb-de6f54ed6b63", "method": "POST", "status": 200}
INFO:     {"event": "request", "request_id": "cd5e87bd-5357-4ae4-bb55-d10424e47c46", "method": "POST", "status": 200}
INFO:     {"event": "request", "request_id": "89355fb0-a69e-4047-9e95-685a464934a3", "method": "GET", "status": 200}
INFO:     {"event": "request", "request_id": "5c4eb0c4-0ce8-4b9b-8380-de9071189770", "method": "GET", "status": 200}
INFO:     {"event": "request", "request_id": "a39477a6-9218-453e-b9e7-b1f805bdf908", "method": "GET", "status": 200}
INFO:     {"event": "request", "request_id": "e8513c63-e0d7-4856-9954-5375a5095a75", "method": "GET", "status": 200}
INFO:     {"event": "request", "request_id": "cf03c0dd-1271-4283-a63b-df8f92636c2e", "method": "GET", "status": 200}
INFO:     {"event": "request", "request_id": "faf17e56-cdca-41aa-ac5a-2084d489ab44", "method": "PUT", "status": 200}
INFO:     {"event": "request", "request_id": "811e48dc-dbd0-40b3-8f1a-b9febee7ce43", "method": "POST", "status": 200}
INFO:     {"event": "request", "request_id": "fa0572ee-b9ac-4a3f-8a3b-cace170be156", "method": "GET", "status": 200}
INFO:     {"event": "request", "request_id": "992838df-a3fe-4370-b084-ed5b39528ffa", "method": "POST", "status": 202}
INFO:     {"event": "request", "request_id": "24182973-5f45-487c-9945-7ece9dd3a3f8", "method": "GET", "status": 200}
INFO:     {"event": "request", "request_id": "69b6a6d3-7e5d-4530-9d49-8b04888b94dd", "method": "GET", "status": 200}
INFO:     {"event": "request", "request_id": "4ef909aa-acc2-411e-91b1-99650430745b", "method": "GET", "status": 200}
INFO:     {"event": "request", "request_id": "7a1c1a80-8323-472e-951f-49e99f9b3205", "method": "GET", "status": 200}
INFO:     {"event": "request", "request_id": "bd0cd32c-0073-4a7b-8228-6283c828142f", "method": "GET", "status": 200}
INFO:     {"event": "request", "request_id": "df3d3134-afa1-45fb-b004-f949c1abc820", "method": "PUT", "status": 200}
INFO:     {"event": "request", "request_id": "e7467e76-1789-4bca-8aeb-e0926beeb052", "method": "GET", "status": 200}
INFO:     {"event": "request", "request_id": "49bd6877-ba5e-4b40-a4b6-8dee0c6064c2", "method": "GET", "status": 200}
INFO:     {"event": "request", "request_id": "172e937c-aee6-4552-9255-7cd077992b1d", "method": "GET", "status": 200}
INFO:     {"event": "request", "request_id": "1770d5f6-57c8-4c3e-99eb-872e1eb8fc2f", "method": "GET", "status": 200}
INFO:     {"event": "request", "request_id": "63f54209-9cc1-4481-b456-f6e56a329002", "method": "POST", "status": 200}
INFO:     {"event": "request", "request_id": "2a6c5d11-1c3b-4267-b052-5f0e2c355ff5", "method": "POST", "status": 200}
INFO:     {"event": "request", "request_id": "8a7e184b-033a-4812-97e8-a888025dd120", "method": "GET", "status": 200}
INFO:     {"event": "request", "request_id": "81e85b2c-84c3-4529-9572-9d6be1dc73d3", "method": "GET", "status": 200}
INFO:     {"event": "request", "request_id": "4524e1e5-b1d6-4a79-9814-e8b446c03780", "method": "GET", "status": 200}
INFO:     {"event": "request", "request_id": "46bcd9bb-886a-4ac4-b1c7-edd637f99b2f", "method": "GET", "status": 200}
INFO:     {"event": "request", "request_id": "ecc5b427-42ee-4600-bba5-68d0e336a27b", "method": "POST", "status": 409}
INFO:     {"event": "request", "request_id": "9180849f-5f6a-4709-8568-666759de2c4d", "method": "POST", "status": 202}
INFO:     {"event": "request", "request_id": "ffad2542-97b9-451e-9189-f7a36e30afb5", "method": "GET", "status": 200}
INFO:     {"event": "request", "request_id": "b4316639-1f80-419d-b89c-4d9385baedff", "method": "GET", "status": 200}
INFO:     {"event": "request", "request_id": "50e6c412-58d4-46bc-94b9-305f4beb30f7", "method": "GET", "status": 200}
INFO:     {"event": "request", "request_id": "842a6f94-0adf-415a-b05d-3d69b62b003d", "method": "GET", "status": 200}
INFO:     {"event": "request", "request_id": "b6143cc7-0f7c-4807-8829-ff1bef63a0c7", "method": "GET", "status": 200}
INFO:     {"event": "request", "request_id": "d080c4a8-7de6-47fc-b473-2d3df0f020ff", "method": "GET", "status": 200}
INFO:     {"event": "request", "request_id": "05399034-9a8e-4488-a792-26c90fc19bb4", "method": "PUT", "status": 200}
INFO:     {"event": "request", "request_id": "e572af6b-afe3-4c6d-892f-f6fc08496f83", "method": "POST", "status": 200}
INFO:     {"event": "request", "request_id": "7186a72e-e4f8-480b-8405-796a8eb102de", "method": "POST", "status": 202}
INFO:     {"event": "request", "request_id": "10816c47-a5a1-4782-8832-e578c5ee7c2a", "method": "GET", "status": 200}
INFO:     {"event": "request", "request_id": "145922f8-e58a-46f1-9924-8eb4076e24f8", "method": "GET", "status": 200}
INFO:     {"event": "request", "request_id": "ab875f1c-df7f-44a4-8fd6-f9fbd456514b", "method": "GET", "status": 200}
INFO:     {"event": "request", "request_id": "43851b2c-2a3b-40fa-a84c-ee03e710d453", "method": "GET", "status": 200}
INFO:     {"event": "request", "request_id": "c269e82f-5254-4fce-b7ff-21338f0efbc7", "method": "GET", "status": 200}
INFO:     {"event": "request", "request_id": "6b32a0c1-2a53-4bfa-a8d9-591c2e281439", "method": "GET", "status": 200}
INFO:     {"event": "request", "request_id": "a42a2d3f-646c-404a-8c9b-2abd227fe84e", "method": "POST", "status": 200}
INFO:     {"event": "request", "request_id": "6e11483d-8695-4537-b5d5-245abcd84577", "method": "POST", "status": 202}
INFO:     {"event": "request", "request_id": "00f87c6c-3732-40c5-ae3d-642655b45f4f", "method": "GET", "status": 200}
INFO:     {"event": "request", "request_id": "e6c9c067-121a-462c-8e2f-eb675d707b14", "method": "GET", "status": 200}
INFO:     {"event": "request", "request_id": "c2fa156e-5fd8-4c36-80fb-715912c9917b", "method": "GET", "status": 200}
INFO:     {"event": "request", "request_id": "022c0ac5-7693-4723-864f-beceeb4deb44", "method": "GET", "status": 200}
INFO:     {"event": "request", "request_id": "09eb4c4d-e687-4e0a-9296-9a1b4c136735", "method": "POST", "status": 200}
INFO:     {"event": "request", "request_id": "e670d7b0-7fa5-4ba2-ba5f-3f811c9b488b", "method": "POST", "status": 200}
INFO:     {"event": "request", "request_id": "63bee7bd-eaed-45ca-916a-86f4fd2356f7", "method": "GET", "status": 200}
INFO:     {"event": "request", "request_id": "da270590-2ae5-4b23-ada7-c6295674ae4e", "method": "GET", "status": 200}
INFO:     {"event": "request", "request_id": "0419a11e-066e-442a-9f7a-0115db8bd381", "method": "GET", "status": 200}
INFO:     {"event": "request", "request_id": "06106459-d45a-478b-a3e2-c4bc2d3b0f20", "method": "GET", "status": 200}
INFO:     {"event": "request", "request_id": "f7e043af-0af3-4834-b9f3-c8ff0d99637a", "method": "GET", "status": 200}
INFO:     {"event": "request", "request_id": "b70be866-6e5f-45d8-b45f-c4dcd11bb001", "method": "POST", "status": 200}
INFO:     {"event": "operation", "operation_id": "176af3a1-3b3a-4343-b132-d0bf0caa7213", "job_id": null, "outreach_id": null, "provider": "gmail", "status": "blocked"}
INFO:     {"event": "request", "request_id": "95d9f516-4f41-438e-b08f-c414389f9410", "method": "POST", "status": 409}
INFO:     {"event": "request", "request_id": "3e3f9760-ba90-43cb-b2f3-b096637b01a6", "method": "POST", "status": 202}
INFO:     {"event": "request", "request_id": "5845535c-f3dd-45c6-83d7-83c58114c074", "method": "GET", "status": 200}
INFO:     {"event": "request", "request_id": "3145a841-a585-4683-ab3a-e615b3a9fe43", "method": "GET", "status": 200}
INFO:     {"event": "request", "request_id": "2b083bbc-8ec3-4e5c-9db5-7e9e59b2337e", "method": "GET", "status": 200}
INFO:     {"event": "request", "request_id": "87043307-088d-4698-836c-d09f18dbb36d", "method": "GET", "status": 200}
INFO:     {"event": "request", "request_id": "ad5cbe04-d1bb-4036-ad4e-d963fbd11545", "method": "GET", "status": 200}
INFO:     {"event": "request", "request_id": "a6af064e-fced-4a01-960a-6af888d9bee8", "method": "POST", "status": 202}
INFO:     {"event": "request", "request_id": "67973ce4-2b95-4428-a3c9-1df9476d51a9", "method": "GET", "status": 200}
INFO:     {"event": "request", "request_id": "b356f0ea-c002-46b3-b3dd-d9e6e412a4d7", "method": "GET", "status": 200}
INFO:     {"event": "request", "request_id": "9e810f9e-c56e-4311-90e3-ac84aa8a06e3", "method": "GET", "status": 200}
INFO:     {"event": "request", "request_id": "7adaca9c-3546-44d6-96f8-57cda703f5f8", "method": "GET", "status": 200}
INFO:     {"event": "operation", "operation_id": "176af3a1-3b3a-4343-b132-d0bf0caa7213", "job_id": null, "outreach_id": null, "provider": "gmail", "status": "reserved"}
INFO:     {"event": "operation", "operation_id": "176af3a1-3b3a-4343-b132-d0bf0caa7213", "job_id": null, "outreach_id": null, "provider": "gmail", "status": "succeeded"}
INFO:     {"event": "request", "request_id": "4a5bce9a-fc30-463f-a7f4-c8a08940758b", "method": "POST", "status": 200}
INFO:     {"event": "request", "request_id": "08865a43-949f-4540-8822-692f6e7645a7", "method": "GET", "status": 200}
INFO:     {"event": "request", "request_id": "0db608af-61bc-4c02-9f83-cc0ded4d7a46", "method": "POST", "status": 202}
INFO:     {"event": "request", "request_id": "f4d4d04f-346d-496c-920b-11f6279884e7", "method": "GET", "status": 200}
INFO:     {"event": "request", "request_id": "91d042a0-7845-4535-a054-1024f84ec2ad", "method": "GET", "status": 200}
INFO:     {"event": "request", "request_id": "5be4c5f8-1807-4ec2-b618-6b3bb3fa951c", "method": "GET", "status": 200}
INFO:     {"event": "request", "request_id": "4ad76935-9141-4115-b843-5d6116862721", "method": "GET", "status": 200}
INFO:     {"event": "request", "request_id": "2f630c5c-74f6-4a50-964a-a6ad73f2a50b", "method": "GET", "status": 200}
INFO:     {"event": "request", "request_id": "c9bf9b0c-be04-4cd8-aa44-61b7457d8f41", "method": "GET", "status": 200}
INFO:     {"event": "request", "request_id": "705d7e30-3f63-41df-b4d7-4263e9044987", "method": "GET", "status": 200}
INFO:     {"event": "request", "request_id": "9ee9ef80-f4f9-46ef-8716-0b72c71c539a", "method": "GET", "status": 200}
INFO:     {"event": "request", "request_id": "015dd92e-53be-4936-8911-da074e885b3c", "method": "GET", "status": 200}
INFO:     {"event": "request", "request_id": "22c785c2-5c80-4c58-8ed7-70bb42537abf", "method": "GET", "status": 200}
INFO:     {"event": "request", "request_id": "5d3c737f-1e15-4d9e-bfa0-d9e0e47f75b1", "method": "GET", "status": 200}
INFO:     {"event": "request", "request_id": "b02d2e7f-339a-4796-8530-bc1a3a1270ac", "method": "POST", "status": 200}
INFO:     {"event": "request", "request_id": "1a44bff1-ed97-4e9c-92a5-af785fa9f527", "method": "POST", "status": 202}
INFO:     {"event": "request", "request_id": "9936ba4e-8f27-43ae-81c5-031437443d56", "method": "GET", "status": 200}
INFO:     {"event": "request", "request_id": "89517ccc-7ec2-4c43-8126-664590908901", "method": "GET", "status": 200}
INFO:     {"event": "request", "request_id": "d73dc9d1-6c61-4e72-99d2-2abc0ddcb2bf", "method": "GET", "status": 200}
INFO:     {"event": "request", "request_id": "120682cd-18f0-4d5d-a560-d9022ac19b3d", "method": "GET", "status": 200}
INFO:     {"event": "request", "request_id": "d6ed2163-ed69-44df-a88e-925ea8766326", "method": "GET", "status": 200}
INFO:     {"event": "request", "request_id": "5ed76b62-0940-487f-b49e-52389a0a3ace", "method": "POST", "status": 200}
INFO:     {"event": "request", "request_id": "0e847f1f-8146-45cf-a4e3-762215a396a4", "method": "POST", "status": 200}
INFO:     {"event": "request", "request_id": "f0cd0348-bee6-4058-af83-ccefbd98bcb8", "method": "GET", "status": 200}
INFO:     {"event": "request", "request_id": "8c5d43d8-ca54-4ec1-b666-eed8530f5bc4", "method": "GET", "status": 200}
INFO:     {"event": "request", "request_id": "89091024-13d0-4bdc-895a-b2af4d99b387", "method": "GET", "status": 200}
INFO:     {"event": "request", "request_id": "ad311d03-f7d2-464e-8dba-29c3c33559c6", "method": "GET", "status": 200}
INFO:     {"event": "request", "request_id": "2a48afd0-0cae-479a-95de-6456ee9e0ae5", "method": "GET", "status": 200}
INFO:     {"event": "request", "request_id": "06c6335f-9d1f-47fd-8959-f8dd68305086", "method": "POST", "status": 202}
INFO:     {"event": "request", "request_id": "47dc434c-c264-461f-90b1-51febe417d58", "method": "GET", "status": 200}
INFO:     {"event": "request", "request_id": "c5f57fff-54d4-4068-9e66-beb8448a294e", "method": "GET", "status": 200}
INFO:     {"event": "request", "request_id": "39aa2b3a-96b4-4045-9f75-483f5c284ed9", "method": "GET", "status": 200}
INFO:     {"event": "request", "request_id": "ba841156-c74b-4b19-8020-6fe345ffcd29", "method": "GET", "status": 200}
INFO:     {"event": "request", "request_id": "6a77e4e2-66b1-4826-ba4e-374ae5fa7c0b", "method": "GET", "status": 200}
INFO:     {"event": "request", "request_id": "f401c827-5b67-4780-bc1f-0f5ffcb8c5df", "method": "POST", "status": 200}
INFO:     {"event": "request", "request_id": "db821ce3-0fe3-48d0-a4ff-42d90f6c9098", "method": "POST", "status": 202}
INFO:     {"event": "request", "request_id": "5052d4bb-f573-45fe-850c-37728b3f9912", "method": "GET", "status": 200}
INFO:     {"event": "request", "request_id": "6fa76f2d-c546-44a9-8d55-4501c7fd6668", "method": "GET", "status": 200}
INFO:     {"event": "request", "request_id": "1eb08b4c-138a-4165-8ab3-1d3a45a570d9", "method": "GET", "status": 200}
INFO:     {"event": "request", "request_id": "f8401cad-920a-405d-8777-35883c43ff48", "method": "GET", "status": 200}
INFO:     {"event": "request", "request_id": "de0afd8d-18b3-426c-ab6f-7cb6996e6b3b", "method": "POST", "status": 200}
INFO:     {"event": "request", "request_id": "baba108f-5733-4e88-b361-1d8e4e93a3ff", "method": "POST", "status": 200}
INFO:     {"event": "request", "request_id": "781e3da2-b41a-424b-a81e-91d0765220e1", "method": "GET", "status": 200}
INFO:     {"event": "request", "request_id": "e5c5492b-3510-4b1d-a84a-4156bcdac910", "method": "GET", "status": 200}
INFO:     {"event": "request", "request_id": "bb410192-29ea-4e01-8cab-225649059963", "method": "GET", "status": 200}
INFO:     {"event": "request", "request_id": "4d0100fd-f564-493d-a82a-f925e76a789e", "method": "GET", "status": 200}
INFO:     {"event": "request", "request_id": "1a54d1cd-165d-43bf-8d57-d2b70adcfbd6", "method": "POST", "status": 200}
INFO:     {"event": "operation", "operation_id": "ec4f4cb5-22b7-480a-b7e8-897726f85d33", "job_id": null, "outreach_id": null, "provider": "gmail", "status": "blocked"}
INFO:     {"event": "request", "request_id": "ff790820-927a-4dac-8785-7c5817d65399", "method": "POST", "status": 409}
INFO:     {"event": "request", "request_id": "eb78262e-4ccb-4bd4-8dcd-03575910cc6f", "method": "PUT", "status": 200}
INFO:     {"event": "request", "request_id": "5478a43f-65eb-4821-8abb-dba02424cf88", "method": "POST", "status": 200}
INFO:     {"event": "request", "request_id": "699d3dee-5e39-4290-bad7-6ece5f6e4232", "method": "GET", "status": 200}
INFO:     {"event": "request", "request_id": "66138a61-ba9c-4579-9b34-7f37794d5a93", "method": "POST", "status": 202}
INFO:     {"event": "request", "request_id": "23d14b26-e9dd-4e85-b1ee-9dbf0d22f3b1", "method": "GET", "status": 200}
INFO:     {"event": "request", "request_id": "927b4b96-2ee7-41be-8c23-60ec3d76bdec", "method": "GET", "status": 200}
INFO:     {"event": "request", "request_id": "6a66e01d-5bdc-4c90-ad94-664c8ef73ed9", "method": "GET", "status": 200}
INFO:     {"event": "request", "request_id": "1b82b7a4-1cca-4051-b345-e0b3680c5582", "method": "GET", "status": 200}
INFO:     {"event": "request", "request_id": "117f7498-f7ff-4f4c-a4d7-6343bbd35d42", "method": "GET", "status": 200}
INFO:     {"event": "request", "request_id": "be0321a7-85fa-4e02-94e6-1e82a39744d2", "method": "GET", "status": 200}
INFO:     {"event": "request", "request_id": "9204fd44-070a-4c54-bbb6-f1fdd71f94a7", "method": "PUT", "status": 200}
INFO:     {"event": "request", "request_id": "18910f53-8ce9-458f-b5b3-ebc4a506117d", "method": "GET", "status": 200}
INFO:     {"event": "request", "request_id": "100efdb0-e359-4f4a-8b59-1cfb28b66323", "method": "GET", "status": 200}
INFO:     {"event": "request", "request_id": "b68b985a-a910-454c-baa7-abea9bee0d8c", "method": "GET", "status": 200}
INFO:     {"event": "request", "request_id": "b3d16238-01e9-4e83-a0af-9e175040cc47", "method": "GET", "status": 200}
INFO:     {"event": "request", "request_id": "1e684627-9225-4346-8921-e4ecd8515f21", "method": "GET", "status": 200}
INFO:     {"event": "request", "request_id": "6acfad20-bb01-4a9f-bd10-3120a3214f5c", "method": "GET", "status": 200}
INFO:     {"event": "request", "request_id": "bc808543-2507-4506-8797-eab031e2b7c3", "method": "GET", "status": 200}
INFO:     {"event": "request", "request_id": "517acc6d-0fec-4bd4-8d7f-6d0e3224f7a9", "method": "POST", "status": 200}
INFO:     {"event": "request", "request_id": "036020ee-b91c-448d-b647-c19f5607d48b", "method": "GET", "status": 200}
INFO:     {"event": "request", "request_id": "a9bf6289-27e3-40d6-b7af-4c80f8ba59cc", "method": "POST", "status": 200}
INFO:     {"event": "request", "request_id": "acf411b0-01be-4a57-ba91-0aa3d316d0a9", "method": "GET", "status": 200}
INFO:     {"event": "request", "request_id": "1c74e45d-69e0-42a2-a4b7-f5100638bcfa", "method": "GET", "status": 200}
INFO:     {"event": "request", "request_id": "799da8a8-98fd-486c-abcb-c162406c2800", "method": "GET", "status": 200}
INFO:     {"event": "request", "request_id": "65f6cb94-00f0-4469-8ea2-960f0dcd743c", "method": "GET", "status": 200}
INFO:     Shutting down
INFO:     Waiting for application shutdown.
INFO:     Application shutdown complete.
INFO:     Finished server process [30367]
