INFO:uvicorn.error:{"event": "operation", "operation_id": "b90c982f-8857-4d7f-9ba2-1c6e2839b9d1", "job_id": "bd83a482-bfb2-4f33-b2fa-f83fee72f2f1", "outreach_id": null, "provider": "local", "status": "reserved"}
INFO:uvicorn.error:{"event": "operation", "operation_id": "b90c982f-8857-4d7f-9ba2-1c6e2839b9d1", "job_id": "bd83a482-bfb2-4f33-b2fa-f83fee72f2f1", "outreach_id": null, "provider": "local", "status": "failed"}
WARNING:worker:job_id=bd83a482-bfb2-4f33-b2fa-f83fee72f2f1 kind=sync status=blocked category=Blocked
INFO:uvicorn.error:{"event": "operation", "operation_id": "c30500dc-38cc-4d42-b199-d45bff03ef42", "job_id": "be345918-0939-4fd0-a81a-077c54a12ef8", "outreach_id": null, "provider": "local", "status": "reserved"}
INFO:uvicorn.error:{"event": "operation", "operation_id": "c30500dc-38cc-4d42-b199-d45bff03ef42", "job_id": "be345918-0939-4fd0-a81a-077c54a12ef8", "outreach_id": null, "provider": "local", "status": "succeeded"}
INFO:uvicorn.error:{"event": "operation", "operation_id": "682fef6b-c0bb-410e-b5e6-d9bf667bcc7c", "job_id": "4e2f0106-b582-4300-9350-4b060639280a", "outreach_id": null, "provider": "local", "status": "reserved"}
INFO:uvicorn.error:{"event": "operation", "operation_id": "682fef6b-c0bb-410e-b5e6-d9bf667bcc7c", "job_id": "4e2f0106-b582-4300-9350-4b060639280a", "outreach_id": null, "provider": "local", "status": "succeeded"}
INFO:uvicorn.error:{"event": "operation", "operation_id": "0e225b34-3302-4221-9416-9e821cf61b86", "job_id": "69f40aad-33c5-4847-84df-26359568a6b1", "outreach_id": null, "provider": "local", "status": "reserved"}
INFO:uvicorn.error:{"event": "operation", "operation_id": "6ba4c9d7-3816-40c0-8e09-3690144bb344", "job_id": null, "outreach_id": "8565bd4e-d26b-4a98-af64-733a983a1ba7", "provider": "gmail", "status": "reserved"}
INFO:uvicorn.error:{"event": "operation", "operation_id": "6ba4c9d7-3816-40c0-8e09-3690144bb344", "job_id": null, "outreach_id": "8565bd4e-d26b-4a98-af64-733a983a1ba7", "provider": "gmail", "status": "succeeded"}
INFO:uvicorn.error:{"event": "operation", "operation_id": "e35a876e-f5d9-485e-a261-533779339eeb", "job_id": "69f40aad-33c5-4847-84df-26359568a6b1", "outreach_id": "8565bd4e-d26b-4a98-af64-733a983a1ba7", "provider": "gmail", "status": "reserved"}
INFO:uvicorn.error:{"event": "operation", "operation_id": "e35a876e-f5d9-485e-a261-533779339eeb", "job_id": "69f40aad-33c5-4847-84df-26359568a6b1", "outreach_id": "8565bd4e-d26b-4a98-af64-733a983a1ba7", "provider": "gmail", "status": "succeeded"}
INFO:uvicorn.error:{"event": "operation", "operation_id": "0e225b34-3302-4221-9416-9e821cf61b86", "job_id": "69f40aad-33c5-4847-84df-26359568a6b1", "outreach_id": null, "provider": "local", "status": "succeeded"}
INFO:uvicorn.error:{"event": "operation", "operation_id": "e8bc7dbf-3d85-4618-95f6-45cd7a6c25c2", "job_id": "5c29903a-8449-4809-ac3c-66f84b6fced6", "outreach_id": null, "provider": "local", "status": "reserved"}
INFO:uvicorn.error:{"event": "operation", "operation_id": "e8bc7dbf-3d85-4618-95f6-45cd7a6c25c2", "job_id": "5c29903a-8449-4809-ac3c-66f84b6fced6", "outreach_id": null, "provider": "local", "status": "succeeded"}
INFO:uvicorn.error:{"event": "operation", "operation_id": "4dc636ec-c7cc-4dfe-8b97-1d7ffedbdc88", "job_id": "221e1067-4aa4-48db-85a9-d517b18b298c", "outreach_id": null, "provider": "local", "status": "reserved"}
INFO:uvicorn.error:{"event": "operation", "operation_id": "4dc636ec-c7cc-4dfe-8b97-1d7ffedbdc88", "job_id": "221e1067-4aa4-48db-85a9-d517b18b298c", "outreach_id": null, "provider": "local", "status": "succeeded"}
INFO:uvicorn.error:{"event": "operation", "operation_id": "29ebe599-ac64-4c5b-84ba-1f5c1dd9da0a", "job_id": "f8527e24-02c6-4f2f-b7dc-06c34333d1f6", "outreach_id": null, "provider": "local", "status": "reserved"}
INFO:uvicorn.error:{"event": "operation", "operation_id": "29ebe599-ac64-4c5b-84ba-1f5c1dd9da0a", "job_id": "f8527e24-02c6-4f2f-b7dc-06c34333d1f6", "outreach_id": null, "provider": "local", "status": "succeeded"}
INFO:uvicorn.error:{"event": "operation", "operation_id": "22bb2926-571f-4c46-bda6-5fcdb002339a", "job_id": "d1318368-080b-4c17-bbd1-371c04122ca6", "outreach_id": null, "provider": "local", "status": "reserved"}
INFO:uvicorn.error:{"event": "operation", "operation_id": "5ecff72d-e784-4970-81d0-6139bdbd4a93", "job_id": null, "outreach_id": "a314595d-8f20-459b-b06c-41723ba54e95", "provider": "gmail", "status": "reserved"}
INFO:uvicorn.error:{"event": "operation", "operation_id": "5ecff72d-e784-4970-81d0-6139bdbd4a93", "job_id": null, "outreach_id": "a314595d-8f20-459b-b06c-41723ba54e95", "provider": "gmail", "status": "succeeded"}
INFO:uvicorn.error:{"event": "operation", "operation_id": "bdecd61a-78ee-462c-9de8-f8e74e991708", "job_id": "d1318368-080b-4c17-bbd1-371c04122ca6", "outreach_id": "a314595d-8f20-459b-b06c-41723ba54e95", "provider": "gmail", "status": "reserved"}
INFO:uvicorn.error:{"event": "operation", "operation_id": "bdecd61a-78ee-462c-9de8-f8e74e991708", "job_id": "d1318368-080b-4c17-bbd1-371c04122ca6", "outreach_id": "a314595d-8f20-459b-b06c-41723ba54e95", "provider": "gmail", "status": "succeeded"}
INFO:uvicorn.error:{"event": "operation", "operation_id": "22bb2926-571f-4c46-bda6-5fcdb002339a", "job_id": "d1318368-080b-4c17-bbd1-371c04122ca6", "outreach_id": null, "provider": "local", "status": "succeeded"}
INFO:uvicorn.error:{"event": "operation", "operation_id": "f79ee313-5dae-490f-ba19-285c66e6bd31", "job_id": "b98614a6-d07b-4ce6-b7f8-00b1ad7faf74", "outreach_id": null, "provider": "local", "status": "reserved"}
INFO:uvicorn.error:{"event": "operation", "operation_id": "f79ee313-5dae-490f-ba19-285c66e6bd31", "job_id": "b98614a6-d07b-4ce6-b7f8-00b1ad7faf74", "outreach_id": null, "provider": "local", "status": "succeeded"}
INFO:uvicorn.error:{"event": "operation", "operation_id": "33cc0a81-aaf8-4c66-93ce-098fa5601508", "job_id": "7c723ef1-e422-4872-b3b2-6b79fc663362", "outreach_id": null, "provider": "local", "status": "reserved"}
INFO:uvicorn.error:{"event": "operation", "operation_id": "33cc0a81-aaf8-4c66-93ce-098fa5601508", "job_id": "7c723ef1-e422-4872-b3b2-6b79fc663362", "outreach_id": null, "provider": "local", "status": "succeeded"}
INFO:uvicorn.error:{"event": "operation", "operation_id": "d92e750b-03ec-4ba8-80e6-501e860e2cf4", "job_id": "4ab271da-08e6-4226-b437-4fa90fbfbd1b", "outreach_id": null, "provider": "local", "status": "reserved"}
INFO:uvicorn.error:{"event": "operation", "operation_id": "d92e750b-03ec-4ba8-80e6-501e860e2cf4", "job_id": "4ab271da-08e6-4226-b437-4fa90fbfbd1b", "outreach_id": null, "provider": "local", "status": "succeeded"}
INFO:uvicorn.error:{"event": "operation", "operation_id": "23c8dba1-ea24-4e08-a139-187540179af6", "job_id": "db2098c6-3fac-4364-b34a-e35e9e01e8cd", "outreach_id": null, "provider": "local", "status": "reserved"}
INFO:uvicorn.error:{"event": "operation", "operation_id": "23c8dba1-ea24-4e08-a139-187540179af6", "job_id": "db2098c6-3fac-4364-b34a-e35e9e01e8cd", "outreach_id": null, "provider": "local", "status": "succeeded"}
INFO:uvicorn.error:{"event": "operation", "operation_id": "5a9225df-1809-49a2-b115-5890eb0113a6", "job_id": "a838ff16-cf8a-4825-8bbb-a4a2510dceab", "outreach_id": null, "provider": "local", "status": "reserved"}
INFO:uvicorn.error:{"event": "operation", "operation_id": "f5550630-2d57-4216-a0d9-7a8d3ba011f7", "job_id": null, "outreach_id": "812ba6cc-541d-4e25-8218-04df5b3afad2", "provider": "gmail", "status": "reserved"}
INFO:uvicorn.error:{"event": "operation", "operation_id": "f5550630-2d57-4216-a0d9-7a8d3ba011f7", "job_id": null, "outreach_id": "812ba6cc-541d-4e25-8218-04df5b3afad2", "provider": "gmail", "status": "succeeded"}
INFO:uvicorn.error:{"event": "operation", "operation_id": "d6ff5919-d8a0-4c5d-a331-63228bdc6656", "job_id": "a838ff16-cf8a-4825-8bbb-a4a2510dceab", "outreach_id": "812ba6cc-541d-4e25-8218-04df5b3afad2", "provider": "gmail", "status": "reserved"}
