{
  "config": {
    "argv": [
      "/Users/vihaantirumala/.nvm/versions/node/v24.18.0/bin/node",
      "/private/var/folders/9s/w0n67fhn557gd3bp17pkk9q80000gn/T/fieldwork-module4-ui-5_4pdh0o/frontend/node_modules/.bin/playwright",
      "test",
      "--reporter=json"
    ],
    "configFile": "/private/var/folders/9s/w0n67fhn557gd3bp17pkk9q80000gn/T/fieldwork-module4-ui-5_4pdh0o/frontend/playwright.config.ts",
    "rootDir": "/private/var/folders/9s/w0n67fhn557gd3bp17pkk9q80000gn/T/fieldwork-module4-ui-5_4pdh0o/frontend/tests",
    "failOnFlakyTests": false,
    "forbidOnly": false,
    "fullyParallel": false,
    "globalSetup": null,
    "globalTeardown": null,
    "globalTimeout": 0,
    "grep": {},
    "grepInvert": null,
    "maxFailures": 0,
    "metadata": {
      "actualWorkers": 1
    },
    "preserveOutput": "always",
    "projects": [
      {
        "outputDir": "/private/var/folders/9s/w0n67fhn557gd3bp17pkk9q80000gn/T/fieldwork-module4-ui-5_4pdh0o/frontend/test-results",
        "repeatEach": 1,
        "retries": 0,
        "metadata": {
          "actualWorkers": 1
        },
        "id": "",
        "name": "",
        "testDir": "/private/var/folders/9s/w0n67fhn557gd3bp17pkk9q80000gn/T/fieldwork-module4-ui-5_4pdh0o/frontend/tests",
        "testIgnore": [],
        "testMatch": [
          "**/*.@(spec|test).?(c|m)[jt]s?(x)"
        ],
        "timeout": 30000
      }
    ],
    "quiet": false,
    "reporter": [
      [
        "json"
      ]
    ],
    "reportSlowTests": {
      "max": 5,
      "threshold": 300000
    },
    "shard": null,
    "tags": [],
    "updateSnapshots": "missing",
    "updateSourceMethod": "patch",
    "version": "1.63.0",
    "workers": 1,
    "webServer": {
      "command": "node scripts/test-server.mjs",
      "url": "http://localhost:13030/login",
      "reuseExistingServer": false,
      "env": {
        "APP_ORIGIN": "http://localhost:13030",
        "BACKEND_URL": "http://127.0.0.1:18030"
      }
    }
  },
  "suites": [
    {
      "title": "workspace.spec.ts",
      "file": "workspace.spec.ts",
      "column": 0,
      "line": 0,
      "specs": [
        {
          "title": "generated contracts reject malformed data and unsafe source links",
          "ok": true,
          "tags": [],
          "tests": [
            {
              "timeout": 30000,
              "annotations": [],
              "expectedStatus": "passed",
              "projectId": "",
              "projectName": "",
              "results": [
                {
                  "workerIndex": 0,
                  "parallelIndex": 0,
                  "status": "passed",
                  "duration": 8,
                  "errors": [],
                  "stdout": [],
                  "stderr": [],
                  "retry": 0,
                  "startTime": "2026-10-03T23:57:36.950Z",
                  "annotations": [],
                  "attachments": []
                }
              ],
              "status": "expected"
            }
          ],
          "id": "b163ed09f68681248ada-c17cc1eb8294704584ca",
          "file": "workspace.spec.ts",
          "line": 140,
          "column": 5
        },
        {
          "title": "workspace renders with fictional records",
          "ok": true,
          "tags": [],
          "tests": [
            {
              "timeout": 30000,
              "annotations": [],
              "expectedStatus": "passed",
              "projectId": "",
              "projectName": "",
              "results": [
                {
                  "workerIndex": 0,
                  "parallelIndex": 0,
                  "status": "passed",
                  "duration": 1916,
                  "errors": [],
                  "stdout": [],
                  "stderr": [],
                  "retry": 0,
                  "startTime": "2026-10-03T23:57:36.986Z",
                  "annotations": [],
                  "attachments": []
                }
              ],
              "status": "expected"
            }
          ],
          "id": "b163ed09f68681248ada-4f5393ea38dd2b6ebb58",
          "file": "workspace.spec.ts",
          "line": 150,
          "column": 5
        },
        {
          "title": "flagship navigation, URL filters and command palette work by keyboard",
          "ok": true,
          "tags": [],
          "tests": [
            {
              "timeout": 30000,
              "annotations": [],
              "expectedStatus": "passed",
              "projectId": "",
              "projectName": "",
              "results": [
                {
                  "workerIndex": 0,
                  "parallelIndex": 0,
                  "status": "passed",
                  "duration": 1786,
                  "errors": [],
                  "stdout": [],
                  "stderr": [],
                  "retry": 0,
                  "startTime": "2026-10-03T23:57:40.275Z",
                  "annotations": [],
                  "attachments": []
                }
              ],
              "status": "expected"
            }
          ],
          "id": "b163ed09f68681248ada-613cbd3a60294ff24340",
          "file": "workspace.spec.ts",
          "line": 172,
          "column": 5
        },
        {
          "title": "pause is database-authoritative even with no active batch; failed pause is not optimistic",
          "ok": true,
          "tags": [],
          "tests": [
            {
              "timeout": 30000,
              "annotations": [],
              "expectedStatus": "passed",
              "projectId": "",
              "projectName": "",
              "results": [
                {
                  "workerIndex": 0,
                  "parallelIndex": 0,
                  "status": "passed",
                  "duration": 1035,
                  "errors": [],
                  "stdout": [],
                  "stderr": [],
                  "retry": 0,
                  "startTime": "2026-10-03T23:57:42.077Z",
                  "annotations": [],
                  "attachments": []
                }
              ],
              "status": "expected"
            }
          ],
          "id": "b163ed09f68681248ada-36c4f9eac2b4f17fafd1",
          "file": "workspace.spec.ts",
          "line": 206,
          "column": 5
        },
        {
          "title": "review supports approval, return for changes, return to draft and edits that invalidate review",
          "ok": true,
          "tags": [],
          "tests": [
            {
              "timeout": 30000,
              "annotations": [],
              "expectedStatus": "passed",
              "projectId": "",
              "projectName": "",
              "results": [
                {
                  "workerIndex": 0,
                  "parallelIndex": 0,
                  "status": "passed",
                  "duration": 1297,
                  "errors": [],
                  "stdout": [],
                  "stderr": [],
                  "retry": 0,
                  "startTime": "2026-10-03T23:57:43.146Z",
                  "annotations": [],
                  "attachments": []
                }
              ],
              "status": "expected"
            }
          ],
          "id": "b163ed09f68681248ada-18dce0aaefe3c74f54ec",
          "file": "workspace.spec.ts",
          "line": 231,
          "column": 5
        },
        {
          "title": "sent and uncertain messages are locked and never offer retry/send",
          "ok": true,
          "tags": [],
          "tests": [
            {
              "timeout": 30000,
              "annotations": [],
              "expectedStatus": "passed",
              "projectId": "",
              "projectName": "",
              "results": [
                {
                  "workerIndex": 0,
                  "parallelIndex": 0,
                  "status": "passed",
                  "duration": 931,
                  "errors": [],
                  "stdout": [],
                  "stderr": [],
                  "retry": 0,
                  "startTime": "2026-10-03T23:57:44.462Z",
                  "annotations": [],
                  "attachments": []
                }
              ],
              "status": "expected"
            }
          ],
          "id": "b163ed09f68681248ada-bfdf9edf49805ab3ddd6",
          "file": "workspace.spec.ts",
          "line": 270,
          "column": 5
        },
        {
          "title": "localized loading, empty, failed reads and retry are usable",
          "ok": true,
          "tags": [],
          "tests": [
            {
              "timeout": 30000,
              "annotations": [],
              "expectedStatus": "passed",
              "projectId": "",
              "projectName": "",
              "results": [
                {
                  "workerIndex": 0,
                  "parallelIndex": 0,
                  "status": "passed",
                  "duration": 2630,
                  "errors": [],
                  "stdout": [],
                  "stderr": [],
                  "retry": 0,
                  "startTime": "2026-10-03T23:57:45.418Z",
                  "annotations": [],
                  "attachments": []
                }
              ],
              "status": "expected"
            }
          ],
          "id": "b163ed09f68681248ada-e654415b4be897b2c153",
          "file": "workspace.spec.ts",
          "line": 285,
          "column": 5
        },
        {
          "title": "profile form uses native validation and retains edits through failed save",
          "ok": true,
          "tags": [],
          "tests": [
            {
              "timeout": 30000,
              "annotations": [],
              "expectedStatus": "passed",
              "projectId": "",
              "projectName": "",
              "results": [
                {
                  "workerIndex": 0,
                  "parallelIndex": 0,
                  "status": "passed",
                  "duration": 1070,
                  "errors": [],
                  "stdout": [],
                  "stderr": [],
                  "retry": 0,
                  "startTime": "2026-10-03T23:57:48.078Z",
                  "annotations": [],
                  "attachments": []
                }
              ],
              "status": "expected"
            }
          ],
          "id": "b163ed09f68681248ada-8223e95144ffc255b1b7",
          "file": "workspace.spec.ts",
          "line": 310,
          "column": 5
        },
        {
          "title": "reply handling refreshes attention without sending or reading Gmail",
          "ok": true,
          "tags": [],
          "tests": [
            {
              "timeout": 30000,
              "annotations": [],
              "expectedStatus": "passed",
              "projectId": "",
              "projectName": "",
              "results": [
                {
                  "workerIndex": 0,
                  "parallelIndex": 0,
                  "status": "passed",
                  "duration": 1033,
                  "errors": [],
                  "stdout": [],
                  "stderr": [],
                  "retry": 0,
                  "startTime": "2026-10-03T23:57:49.184Z",
                  "annotations": [],
                  "attachments": []
                }
              ],
              "status": "expected"
            }
          ],
          "id": "b163ed09f68681248ada-668a62f3ee476d74faf8",
          "file": "workspace.spec.ts",
          "line": 332,
          "column": 5
        },
        {
          "title": "responsive flagship screenshots, contrast and semantic accessibility",
          "ok": true,
          "tags": [],
          "tests": [
            {
              "timeout": 90000,
              "annotations": [],
              "expectedStatus": "passed",
              "projectId": "",
              "projectName": "",
              "results": [
                {
                  "workerIndex": 0,
                  "parallelIndex": 0,
                  "status": "passed",
                  "duration": 15708,
                  "errors": [],
                  "stdout": [],
                  "stderr": [],
                  "retry": 0,
                  "startTime": "2026-10-03T23:57:50.250Z",
                  "annotations": [],
                  "attachments": []
                }
              ],
              "status": "expected"
            }
          ],
          "id": "b163ed09f68681248ada-336af8841708b24ade6f",
          "file": "workspace.spec.ts",
          "line": 344,
          "column": 5
        },
        {
          "title": "editor expands on viewport changes and decision controls precede the reading surface",
          "ok": true,
          "tags": [],
          "tests": [
            {
              "timeout": 30000,
              "annotations": [],
              "expectedStatus": "passed",
              "projectId": "",
              "projectName": "",
              "results": [
                {
                  "workerIndex": 0,
                  "parallelIndex": 0,
                  "status": "passed",
                  "duration": 1221,
                  "errors": [],
                  "stdout": [],
                  "stderr": [],
                  "retry": 0,
                  "startTime": "2026-10-03T23:58:05.983Z",
                  "annotations": [],
                  "attachments": []
                }
              ],
              "status": "expected"
            }
          ],
          "id": "b163ed09f68681248ada-7edaa436bd0954104220",
          "file": "workspace.spec.ts",
          "line": 385,
          "column": 5
        },
        {
          "title": "resource reads are deduplicated and secondary screens retain the shared visual language",
          "ok": true,
          "tags": [],
          "tests": [
            {
              "timeout": 30000,
              "annotations": [],
              "expectedStatus": "passed",
              "projectId": "",
              "projectName": "",
              "results": [
                {
                  "workerIndex": 0,
                  "parallelIndex": 0,
                  "status": "passed",
                  "duration": 4540,
                  "errors": [],
                  "stdout": [],
                  "stderr": [],
                  "retry": 0,
                  "startTime": "2026-10-03T23:58:07.220Z",
                  "annotations": [],
                  "attachments": []
                }
              ],
              "status": "expected"
            }
          ],
          "id": "b163ed09f68681248ada-6c20486aabe18a2985a8",
          "file": "workspace.spec.ts",
          "line": 416,
          "column": 5
        },
        {
          "title": "discovery accepts candidates deliberately, retains URL filters and stops bounded work",
          "ok": true,
          "tags": [],
          "tests": [
            {
              "timeout": 30000,
              "annotations": [],
              "expectedStatus": "passed",
              "projectId": "",
              "projectName": "",
              "results": [
                {
                  "workerIndex": 0,
                  "parallelIndex": 0,
                  "status": "passed",
                  "duration": 1570,
                  "errors": [],
                  "stdout": [],
                  "stderr": [],
                  "retry": 0,
                  "startTime": "2026-10-03T23:58:11.780Z",
                  "annotations": [],
                  "attachments": []
                }
              ],
              "status": "expected"
            }
          ],
          "id": "b163ed09f68681248ada-4678bee0675cb9df4350",
          "file": "workspace.spec.ts",
          "line": 439,
          "column": 5
        },
        {
          "title": "discovery failure, empty state and no-provider manual import keep user input",
          "ok": true,
          "tags": [],
          "tests": [
            {
              "timeout": 30000,
              "annotations": [],
              "expectedStatus": "passed",
              "projectId": "",
              "projectName": "",
              "results": [
                {
                  "workerIndex": 0,
                  "parallelIndex": 0,
                  "status": "passed",
                  "duration": 1254,
                  "errors": [],
                  "stdout": [],
                  "stderr": [],
                  "retry": 0,
                  "startTime": "2026-10-03T23:58:13.375Z",
                  "annotations": [],
                  "attachments": []
                }
              ],
              "status": "expected"
            }
          ],
          "id": "b163ed09f68681248ada-c60fa6fd35bc7f001648",
          "file": "workspace.spec.ts",
          "line": 477,
          "column": 5
        },
        {
          "title": "discovery and intelligence provenance are accessible at laptop and phone sizes",
          "ok": true,
          "tags": [],
          "tests": [
            {
              "timeout": 30000,
              "annotations": [],
              "expectedStatus": "passed",
              "projectId": "",
              "projectName": "",
              "results": [
                {
                  "workerIndex": 0,
                  "parallelIndex": 0,
                  "status": "passed",
                  "duration": 7945,
                  "errors": [],
                  "stdout": [],
                  "stderr": [],
                  "retry": 0,
                  "startTime": "2026-10-03T23:58:14.671Z",
                  "annotations": [],
                  "attachments": []
                }
              ],
              "status": "expected"
            }
          ],
          "id": "b163ed09f68681248ada-10a239eb64825467d879",
          "file": "workspace.spec.ts",
          "line": 503,
          "column": 5
        },
        {
          "title": "research failure keeps evidence inspectable and generation errors cannot be approved",
          "ok": true,
          "tags": [],
          "tests": [
            {
              "timeout": 30000,
              "annotations": [],
              "expectedStatus": "passed",
              "projectId": "",
              "projectName": "",
              "results": [
                {
                  "workerIndex": 0,
                  "parallelIndex": 0,
                  "status": "passed",
                  "duration": 1672,
                  "errors": [],
                  "stdout": [],
                  "stderr": [],
                  "retry": 0,
                  "startTime": "2026-10-03T23:58:22.644Z",
                  "annotations": [],
                  "attachments": []
                }
              ],
              "status": "expected"
            }
          ],
          "id": "b163ed09f68681248ada-4a1c2446a448c8fe055f",
          "file": "workspace.spec.ts",
          "line": 564,
          "column": 5
        },
        {
          "title": "explicit regeneration queues a new version without changing saved content or sending",
          "ok": true,
          "tags": [],
          "tests": [
            {
              "timeout": 30000,
              "annotations": [],
              "expectedStatus": "passed",
              "projectId": "",
              "projectName": "",
              "results": [
                {
                  "workerIndex": 0,
                  "parallelIndex": 0,
                  "status": "passed",
                  "duration": 1320,
                  "errors": [],
                  "stdout": [],
                  "stderr": [],
                  "retry": 0,
                  "startTime": "2026-10-03T23:58:24.352Z",
                  "annotations": [],
                  "attachments": []
                }
              ],
              "status": "expected"
            }
          ],
          "id": "b163ed09f68681248ada-565fa883f6563b0ec713",
          "file": "workspace.spec.ts",
          "line": 603,
          "column": 5
        }
      ]
    }
  ],
  "errors": [],
  "stats": {
    "startTime": "2026-10-03T23:57:35.866Z",
    "duration": 50196.483,
    "expected": 17,
    "skipped": 0,
    "unexpected": 0,
    "flaky": 0
  }
}
