app/AccountControls.tsx 43ms (unchanged)
app/api/[...path]/route.ts 15ms (unchanged)
app/Campaign.tsx 20ms (unchanged)
app/globals.css 122ms (unchanged)
app/layout.tsx 3ms (unchanged)
app/login/page.tsx 6ms (unchanged)
app/page.tsx 1ms (unchanged)
app/ResponseInbox.tsx 5ms (unchanged)
app/ReviewDesk.tsx 27ms (unchanged)
components/Dashboard.tsx 13ms (unchanged)
components/Profile.tsx 7ms (unchanged)
components/Prospect.tsx 13ms (unchanged)
components/Prospects.tsx 8ms (unchanged)
components/Review.tsx 16ms (unchanged)
components/ui.tsx 5ms (unchanged)
components/Workspace.tsx 19ms (unchanged)
lib/api.ts 14ms
lib/unsaved.ts 2ms (unchanged)
tests/workspace.spec.ts 23ms (unchanged)
scripts/test-server.mjs 10ms (unchanged)
next-env.d.ts 1ms (unchanged)
next.config.ts 1ms (unchanged)
playwright.config.ts 2ms (unchanged)
proxy.ts 1ms (unchanged)
eslint.config.mjs 1ms (unchanged)
