 Container fieldwork6b-worker-1 Stopping
 Container fieldwork6b-web-1 Stopping
 Container fieldwork6b-web-1 Stopped
 Container fieldwork6b-web-1 Removing
 Container fieldwork6b-web-1 Removed
 Container fieldwork6b-api-1 Stopping
 Container fieldwork6b-worker-1 Stopped
 Container fieldwork6b-worker-1 Removing
 Container fieldwork6b-worker-1 Removed
 Container fieldwork6b-api-1 Stopped
 Container fieldwork6b-api-1 Removing
 Container fieldwork6b-api-1 Removed
 Container fieldwork6b-migrate-1 Stopping
 Container fieldwork6b-migrate-1 Stopped
 Container fieldwork6b-migrate-1 Removing
 Container fieldwork6b-migrate-1 Removed
 Container fieldwork6b-db-1 Stopping
 Container fieldwork6b-db-1 Stopped
 Container fieldwork6b-db-1 Removing
 Container fieldwork6b-db-1 Removed
 Volume fieldwork6b_qa-data Removing
 Volume fieldwork6b_postgres-data Removing
 Network fieldwork6b_edge Removing
 Network fieldwork6b_default Removing
 Volume fieldwork6b_qa-data Removed
 Network fieldwork6b_default Removed
 Network fieldwork6b_edge Removed
 Volume fieldwork6b_postgres-data Removed
