INFO:uvicorn.error:{"event": "operation", "operation_id": "a2586c75-3baf-4f96-84ed-633d88e6d9fe", "job_id": "65224aa2-7e46-4973-8113-0f4a34643a86", "outreach_id": null, "provider": "local", "status": "reserved"}
INFO:uvicorn.error:{"event": "operation", "operation_id": "a2586c75-3baf-4f96-84ed-633d88e6d9fe", "job_id": "65224aa2-7e46-4973-8113-0f4a34643a86", "outreach_id": null, "provider": "local", "status": "succeeded"}
INFO:uvicorn.error:{"event": "operation", "operation_id": "841fa24d-a4b7-4851-b087-8f2dfb2084f7", "job_id": "72eb344d-d112-4802-a062-9b76294c3a69", "outreach_id": null, "provider": "local", "status": "reserved"}
INFO:uvicorn.error:{"event": "operation", "operation_id": "841fa24d-a4b7-4851-b087-8f2dfb2084f7", "job_id": "72eb344d-d112-4802-a062-9b76294c3a69", "outreach_id": null, "provider": "local", "status": "succeeded"}
INFO:uvicorn.error:{"event": "operation", "operation_id": "c510ffac-b81a-4550-903a-e7aca0b2b9e2", "job_id": "44f0a8a5-1d37-409b-9741-a8ac73f98be3", "outreach_id": null, "provider": "local", "status": "reserved"}
INFO:uvicorn.error:{"event": "operation", "operation_id": "4c34dfd1-73b8-49e3-acd2-899b048765d9", "job_id": null, "outreach_id": "5468a366-7495-4a63-9d02-eb748c7a51ba", "provider": "gmail", "status": "reserved"}
INFO:uvicorn.error:{"event": "operation", "operation_id": "4c34dfd1-73b8-49e3-acd2-899b048765d9", "job_id": null, "outreach_id": "5468a366-7495-4a63-9d02-eb748c7a51ba", "provider": "gmail", "status": "succeeded"}
INFO:uvicorn.error:{"event": "operation", "operation_id": "6b1f3b72-b78b-45a6-b99c-968933fe4820", "job_id": "44f0a8a5-1d37-409b-9741-a8ac73f98be3", "outreach_id": "5468a366-7495-4a63-9d02-eb748c7a51ba", "provider": "gmail", "status": "reserved"}
INFO:uvicorn.error:{"event": "operation", "operation_id": "6b1f3b72-b78b-45a6-b99c-968933fe4820", "job_id": "44f0a8a5-1d37-409b-9741-a8ac73f98be3", "outreach_id": "5468a366-7495-4a63-9d02-eb748c7a51ba", "provider": "gmail", "status": "succeeded"}
INFO:uvicorn.error:{"event": "operation", "operation_id": "c510ffac-b81a-4550-903a-e7aca0b2b9e2", "job_id": "44f0a8a5-1d37-409b-9741-a8ac73f98be3", "outreach_id": null, "provider": "local", "status": "succeeded"}
INFO:uvicorn.error:{"event": "operation", "operation_id": "ccab9ec4-c45a-434d-9ef7-3533e45baa4f", "job_id": "86f27bd7-f608-4b7a-8e91-aa08f67915fd", "outreach_id": null, "provider": "local", "status": "reserved"}
INFO:uvicorn.error:{"event": "operation", "operation_id": "ccab9ec4-c45a-434d-9ef7-3533e45baa4f", "job_id": "86f27bd7-f608-4b7a-8e91-aa08f67915fd", "outreach_id": null, "provider": "local", "status": "succeeded"}
INFO:uvicorn.error:{"event": "operation", "operation_id": "36dbd78a-810b-4b90-925e-8a1fd557ec29", "job_id": "fd9f88d4-f7e6-4b0f-b635-039b2addd3cf", "outreach_id": null, "provider": "local", "status": "reserved"}
INFO:uvicorn.error:{"event": "operation", "operation_id": "36dbd78a-810b-4b90-925e-8a1fd557ec29", "job_id": "fd9f88d4-f7e6-4b0f-b635-039b2addd3cf", "outreach_id": null, "provider": "local", "status": "succeeded"}
INFO:uvicorn.error:{"event": "operation", "operation_id": "8ce435bc-eff1-4618-9af2-106df5a8d8ad", "job_id": "9dc7d12b-80ad-44ba-97df-c7a5caf26a38", "outreach_id": null, "provider": "local", "status": "reserved"}
INFO:uvicorn.error:{"event": "operation", "operation_id": "8ce435bc-eff1-4618-9af2-106df5a8d8ad", "job_id": "9dc7d12b-80ad-44ba-97df-c7a5caf26a38", "outreach_id": null, "provider": "local", "status": "succeeded"}
INFO:uvicorn.error:{"event": "operation", "operation_id": "a3202c87-926e-4b98-a4cd-8fdc984d658f", "job_id": "2c57cde8-f480-49e2-a0a0-612a54f37f35", "outreach_id": null, "provider": "local", "status": "reserved"}
INFO:uvicorn.error:{"event": "operation", "operation_id": "f43e61c2-9edc-4249-b4c0-7dfdecc4808d", "job_id": null, "outreach_id": "d25c5650-3754-49bc-b5cf-5f35ff05579e", "provider": "gmail", "status": "reserved"}
INFO:uvicorn.error:{"event": "operation", "operation_id": "f43e61c2-9edc-4249-b4c0-7dfdecc4808d", "job_id": null, "outreach_id": "d25c5650-3754-49bc-b5cf-5f35ff05579e", "provider": "gmail", "status": "succeeded"}
INFO:uvicorn.error:{"event": "operation", "operation_id": "656c1ba8-0872-43b7-96d2-6739c633ea79", "job_id": "2c57cde8-f480-49e2-a0a0-612a54f37f35", "outreach_id": "d25c5650-3754-49bc-b5cf-5f35ff05579e", "provider": "gmail", "status": "reserved"}
INFO:uvicorn.error:{"event": "operation", "operation_id": "656c1ba8-0872-43b7-96d2-6739c633ea79", "job_id": "2c57cde8-f480-49e2-a0a0-612a54f37f35", "outreach_id": "d25c5650-3754-49bc-b5cf-5f35ff05579e", "provider": "gmail", "status": "succeeded"}
INFO:uvicorn.error:{"event": "operation", "operation_id": "a3202c87-926e-4b98-a4cd-8fdc984d658f", "job_id": "2c57cde8-f480-49e2-a0a0-612a54f37f35", "outreach_id": null, "provider": "local", "status": "succeeded"}
INFO:uvicorn.error:{"event": "operation", "operation_id": "8d5d6f9d-7b40-4bdd-81d3-a5a0a8bffc5d", "job_id": "853d1074-8ec5-49a6-8b4d-b99aca2de052", "outreach_id": null, "provider": "local", "status": "reserved"}
INFO:uvicorn.error:{"event": "operation", "operation_id": "8d5d6f9d-7b40-4bdd-81d3-a5a0a8bffc5d", "job_id": "853d1074-8ec5-49a6-8b4d-b99aca2de052", "outreach_id": null, "provider": "local", "status": "succeeded"}
INFO:uvicorn.error:{"event": "operation", "operation_id": "c44a6135-99dd-4fba-b1f8-044082d698e3", "job_id": "f705bd12-a1ff-4337-b273-ba33e4069c70", "outreach_id": null, "provider": "local", "status": "reserved"}
INFO:uvicorn.error:{"event": "operation", "operation_id": "c44a6135-99dd-4fba-b1f8-044082d698e3", "job_id": "f705bd12-a1ff-4337-b273-ba33e4069c70", "outreach_id": null, "provider": "local", "status": "succeeded"}
INFO:uvicorn.error:{"event": "operation", "operation_id": "3caf6cea-07e2-4c8d-bf68-910b045823c1", "job_id": "6610c464-6a19-4aa9-a49d-86c4eac78adf", "outreach_id": null, "provider": "local", "status": "reserved"}
INFO:uvicorn.error:{"event": "operation", "operation_id": "3caf6cea-07e2-4c8d-bf68-910b045823c1", "job_id": "6610c464-6a19-4aa9-a49d-86c4eac78adf", "outreach_id": null, "provider": "local", "status": "succeeded"}
INFO:uvicorn.error:{"event": "operation", "operation_id": "057bf3d0-fff7-4fc3-8686-25d437c8ff21", "job_id": "3da80294-1978-48ec-a58c-05905fccac17", "outreach_id": null, "provider": "local", "status": "reserved"}
INFO:uvicorn.error:{"event": "operation", "operation_id": "057bf3d0-fff7-4fc3-8686-25d437c8ff21", "job_id": "3da80294-1978-48ec-a58c-05905fccac17", "outreach_id": null, "provider": "local", "status": "succeeded"}
INFO:uvicorn.error:{"event": "operation", "operation_id": "e4b4399b-f2bc-4057-8f43-ac6780352d94", "job_id": "0fe124a7-c2b7-49bb-8452-31e959aa8100", "outreach_id": null, "provider": "local", "status": "reserved"}
INFO:uvicorn.error:{"event": "operation", "operation_id": "b5ce762a-1b1d-4465-addf-cfdbb86a39ff", "job_id": null, "outreach_id": "0a8d1ee3-6ee8-4061-bf90-398c87e4ff2c", "provider": "gmail", "status": "reserved"}
INFO:uvicorn.error:{"event": "operation", "operation_id": "b5ce762a-1b1d-4465-addf-cfdbb86a39ff", "job_id": null, "outreach_id": "0a8d1ee3-6ee8-4061-bf90-398c87e4ff2c", "provider": "gmail", "status": "succeeded"}
INFO:uvicorn.error:{"event": "operation", "operation_id": "91a2e477-7985-4f2d-96d8-4cd1bc5845a8", "job_id": "0fe124a7-c2b7-49bb-8452-31e959aa8100", "outreach_id": "0a8d1ee3-6ee8-4061-bf90-398c87e4ff2c", "provider": "gmail", "status": "reserved"}
INFO:uvicorn.error:{"event": "operation", "operation_id": "e4b4399b-f2bc-4057-8f43-ac6780352d94", "job_id": "0fe124a7-c2b7-49bb-8452-31e959aa8100", "outreach_id": null, "provider": "local", "status": "unknown"}
INFO:uvicorn.error:{"event": "operation", "operation_id": "91a2e477-7985-4f2d-96d8-4cd1bc5845a8", "job_id": "0fe124a7-c2b7-49bb-8452-31e959aa8100", "outreach_id": "0a8d1ee3-6ee8-4061-bf90-398c87e4ff2c", "provider": "gmail", "status": "unknown"}
INFO:uvicorn.error:{"event": "operation", "operation_id": "5046de12-742f-4a56-bcc3-6f9c5ed29e2a", "job_id": "f23a2ca2-f405-43a0-a12d-3f36b54edaac", "outreach_id": null, "provider": "local", "status": "reserved"}
INFO:uvicorn.error:{"event": "operation", "operation_id": "5046de12-742f-4a56-bcc3-6f9c5ed29e2a", "job_id": "f23a2ca2-f405-43a0-a12d-3f36b54edaac", "outreach_id": null, "provider": "local", "status": "succeeded"}
INFO:uvicorn.error:{"event": "operation", "operation_id": "db8c7b0a-b03c-484d-94bd-b9f74923b87b", "job_id": "23196c36-67ec-483a-b3ed-f197ecc54c76", "outreach_id": null, "provider": "local", "status": "reserved"}
INFO:uvicorn.error:{"event": "operation", "operation_id": "db8c7b0a-b03c-484d-94bd-b9f74923b87b", "job_id": "23196c36-67ec-483a-b3ed-f197ecc54c76", "outreach_id": null, "provider": "local", "status": "succeeded"}
INFO:uvicorn.error:{"event": "operation", "operation_id": "e61915f7-090a-4b99-8941-f39d6f053563", "job_id": "011b0f3d-3c3a-46a7-b52a-779cbaa75b0e", "outreach_id": null, "provider": "local", "status": "reserved"}
INFO:uvicorn.error:{"event": "operation", "operation_id": "e61915f7-090a-4b99-8941-f39d6f053563", "job_id": "011b0f3d-3c3a-46a7-b52a-779cbaa75b0e", "outreach_id": null, "provider": "local", "status": "succeeded"}
INFO:uvicorn.error:{"event": "operation", "operation_id": "5f22df90-cc9d-4d7f-a6b2-494c0df08c69", "job_id": "2fb7b48f-21c6-4477-92dc-47829a1c3744", "outreach_id": null, "provider": "local", "status": "reserved"}
INFO:uvicorn.error:{"event": "operation", "operation_id": "5f22df90-cc9d-4d7f-a6b2-494c0df08c69", "job_id": "2fb7b48f-21c6-4477-92dc-47829a1c3744", "outreach_id": null, "provider": "local", "status": "succeeded"}
INFO:uvicorn.error:{"event": "operation", "operation_id": "31302a63-961e-46fb-b9e9-5f7c74f565ab", "job_id": "497be38a-2478-440c-b9dd-d7e05fc3ec10", "outreach_id": null, "provider": "local", "status": "reserved"}
INFO:uvicorn.error:{"event": "operation", "operation_id": "31302a63-961e-46fb-b9e9-5f7c74f565ab", "job_id": "497be38a-2478-440c-b9dd-d7e05fc3ec10", "outreach_id": null, "provider": "local", "status": "succeeded"}
INFO:uvicorn.error:{"event": "operation", "operation_id": "61cdcf26-8719-4d56-9dcf-631d3716f5f7", "job_id": "12e8ff70-b207-4500-940b-d5cfc6531e75", "outreach_id": null, "provider": "local", "status": "reserved"}
INFO:uvicorn.error:{"event": "operation", "operation_id": "61cdcf26-8719-4d56-9dcf-631d3716f5f7", "job_id": "12e8ff70-b207-4500-940b-d5cfc6531e75", "outreach_id": null, "provider": "local", "status": "succeeded"}
INFO:uvicorn.error:{"event": "operation", "operation_id": "bf217cfc-2a04-48ba-b45c-2f5ca013b235", "job_id": "a0293e89-2b36-4170-b5e2-7b3119c20d71", "outreach_id": null, "provider": "local", "status": "reserved"}
INFO:uvicorn.error:{"event": "operation", "operation_id": "bf217cfc-2a04-48ba-b45c-2f5ca013b235", "job_id": "a0293e89-2b36-4170-b5e2-7b3119c20d71", "outreach_id": null, "provider": "local", "status": "succeeded"}
INFO:uvicorn.error:{"event": "operation", "operation_id": "4dcb7d31-6a7d-4460-9394-3be2aaf54584", "job_id": "78f1787a-85b8-46d2-96aa-45dfb40e241d", "outreach_id": null, "provider": "local", "status": "reserved"}
INFO:uvicorn.error:{"event": "operation", "operation_id": "4dcb7d31-6a7d-4460-9394-3be2aaf54584", "job_id": "78f1787a-85b8-46d2-96aa-45dfb40e241d", "outreach_id": null, "provider": "local", "status": "succeeded"}
INFO:uvicorn.error:{"event": "operation", "operation_id": "0fb1dac4-ce37-4992-bc60-751a6d7f1be0", "job_id": "4ad10034-ae7e-4a17-ac75-7ac0a777c044", "outreach_id": null, "provider": "local", "status": "reserved"}
INFO:uvicorn.error:{"event": "operation", "operation_id": "345606b1-076b-4208-a21e-b39f43c7050e", "job_id": null, "outreach_id": "bcc168f8-feb2-4c05-9277-c0793db0fc64", "provider": "gmail", "status": "reserved"}
INFO:uvicorn.error:{"event": "operation", "operation_id": "345606b1-076b-4208-a21e-b39f43c7050e", "job_id": null, "outreach_id": "bcc168f8-feb2-4c05-9277-c0793db0fc64", "provider": "gmail", "status": "succeeded"}
INFO:uvicorn.error:{"event": "operation", "operation_id": "4069678c-c298-488b-9c8e-7cc342bb3b89", "job_id": "4ad10034-ae7e-4a17-ac75-7ac0a777c044", "outreach_id": "bcc168f8-feb2-4c05-9277-c0793db0fc64", "provider": "gmail", "status": "reserved"}
INFO:uvicorn.error:{"event": "operation", "operation_id": "4069678c-c298-488b-9c8e-7cc342bb3b89", "job_id": "4ad10034-ae7e-4a17-ac75-7ac0a777c044", "outreach_id": "bcc168f8-feb2-4c05-9277-c0793db0fc64", "provider": "gmail", "status": "succeeded"}
INFO:uvicorn.error:{"event": "operation", "operation_id": "0fb1dac4-ce37-4992-bc60-751a6d7f1be0", "job_id": "4ad10034-ae7e-4a17-ac75-7ac0a777c044", "outreach_id": null, "provider": "local", "status": "succeeded"}
INFO:uvicorn.error:{"event": "operation", "operation_id": "e9b12d6a-c933-4daa-96ac-d4e088e0665d", "job_id": "8791675a-06b0-48de-877d-e9a4e7feed8e", "outreach_id": null, "provider": "local", "status": "reserved"}
INFO:uvicorn.error:{"event": "operation", "operation_id": "e9b12d6a-c933-4daa-96ac-d4e088e0665d", "job_id": "8791675a-06b0-48de-877d-e9a4e7feed8e", "outreach_id": null, "provider": "local", "status": "succeeded"}
INFO:uvicorn.error:{"event": "operation", "operation_id": "8b859e9a-070e-452c-97df-46036981b41e", "job_id": "856af5f5-ba12-4b3d-a137-643bfc8bec36", "outreach_id": null, "provider": "local", "status": "reserved"}
INFO:uvicorn.error:{"event": "operation", "operation_id": "8b859e9a-070e-452c-97df-46036981b41e", "job_id": "856af5f5-ba12-4b3d-a137-643bfc8bec36", "outreach_id": null, "provider": "local", "status": "succeeded"}
INFO:uvicorn.error:{"event": "operation", "operation_id": "6a576534-1271-4c63-b4f5-feb34efae9b4", "job_id": "2ba81f07-324e-416a-8076-bcafaea933f0", "outreach_id": null, "provider": "local", "status": "reserved"}
INFO:uvicorn.error:{"event": "operation", "operation_id": "ab107c1b-4e66-49cd-92aa-3c2846176532", "job_id": null, "outreach_id": "7a1d1248-392d-4d08-921f-2ea4928986b9", "provider": "gmail", "status": "blocked"}
INFO:uvicorn.error:{"event": "operation", "operation_id": "6a576534-1271-4c63-b4f5-feb34efae9b4", "job_id": "2ba81f07-324e-416a-8076-bcafaea933f0", "outreach_id": null, "provider": "local", "status": "failed"}
WARNING:worker:job_id=2ba81f07-324e-416a-8076-bcafaea933f0 kind=send status=blocked category=Blocked
INFO:uvicorn.error:{"event": "operation", "operation_id": "1db5d2c2-ac76-4523-98f1-ba3f7154ed3d", "job_id": "7bf4fd7c-ecad-47a4-a1cd-c02c401fd98c", "outreach_id": null, "provider": "local", "status": "reserved"}
INFO:uvicorn.error:{"event": "operation", "operation_id": "1db5d2c2-ac76-4523-98f1-ba3f7154ed3d", "job_id": "7bf4fd7c-ecad-47a4-a1cd-c02c401fd98c", "outreach_id": null, "provider": "local", "status": "succeeded"}
INFO:uvicorn.error:{"event": "operation", "operation_id": "64e6f756-906a-4310-894a-c528d011e545", "job_id": "56c09331-f5e2-4309-bd24-6f8bd08cfe23", "outreach_id": null, "provider": "local", "status": "reserved"}
INFO:uvicorn.error:{"event": "operation", "operation_id": "64e6f756-906a-4310-894a-c528d011e545", "job_id": "56c09331-f5e2-4309-bd24-6f8bd08cfe23", "outreach_id": null, "provider": "local", "status": "succeeded"}
INFO:uvicorn.error:{"event": "operation", "operation_id": "c1da0741-b044-4b56-ab90-ec355df061b7", "job_id": "a6d78e62-9cd9-4737-b835-6b03d1b344f7", "outreach_id": null, "provider": "local", "status": "reserved"}
INFO:uvicorn.error:{"event": "operation", "operation_id": "c1da0741-b044-4b56-ab90-ec355df061b7", "job_id": "a6d78e62-9cd9-4737-b835-6b03d1b344f7", "outreach_id": null, "provider": "local", "status": "failed"}
WARNING:worker:job_id=a6d78e62-9cd9-4737-b835-6b03d1b344f7 kind=followup_prepare status=blocked category=Blocked
INFO:uvicorn.error:{"event": "operation", "operation_id": "2ce44c27-4fdf-4116-adf5-db4d45422db6", "job_id": "0a3c1c85-fd1c-4b2b-9d56-85f332919770", "outreach_id": null, "provider": "local", "status": "reserved"}
INFO:uvicorn.error:{"event": "operation", "operation_id": "2ce44c27-4fdf-4116-adf5-db4d45422db6", "job_id": "0a3c1c85-fd1c-4b2b-9d56-85f332919770", "outreach_id": null, "provider": "local", "status": "succeeded"}
INFO:uvicorn.error:{"event": "operation", "operation_id": "75a8d1ac-53f0-4bbf-81f4-e9284cc83530", "job_id": "4b482423-32f7-4d53-ab09-af02e225378f", "outreach_id": null, "provider": "local", "status": "reserved"}
INFO:uvicorn.error:{"event": "operation", "operation_id": "a3f908db-46ef-4cab-af1a-bc173384518b", "job_id": null, "outreach_id": "43bc2940-01ff-4cb6-b28d-4b74efef2fdb", "provider": "gmail", "status": "reserved"}
INFO:uvicorn.error:{"event": "operation", "operation_id": "a3f908db-46ef-4cab-af1a-bc173384518b", "job_id": null, "outreach_id": "43bc2940-01ff-4cb6-b28d-4b74efef2fdb", "provider": "gmail", "status": "blocked"}
INFO:uvicorn.error:{"event": "operation", "operation_id": "75a8d1ac-53f0-4bbf-81f4-e9284cc83530", "job_id": "4b482423-32f7-4d53-ab09-af02e225378f", "outreach_id": null, "provider": "local", "status": "failed"}
