INFO:     Started server process [1]
INFO:     Waiting for application startup.
INFO:     Application startup complete.
INFO:     Uvicorn running on http://0.0.0.0:8000 (Press CTRL+C to quit)
INFO:     {"event": "request", "request_id": "5f9426ec-8cb8-487a-9d75-7cd6e1045a1c", "method": "GET", "status": 401}
INFO:     {"event": "request", "request_id": "ddccbb50-8d4d-49fe-bb59-b50c2e95c5f7", "method": "POST", "status": 200}
INFO:     {"event": "request", "request_id": "127c6dd5-73a2-4c46-a0f0-92708af1409d", "method": "GET", "status": 200}
INFO:     {"event": "request", "request_id": "675b5aea-6edf-431f-a6cb-0f23cb3d82ec", "method": "GET", "status": 200}
INFO:     {"event": "request", "request_id": "cd515c3c-2665-43eb-a4c7-b6c9bff6cf17", "method": "PUT", "status": 200}
INFO:     {"event": "request", "request_id": "517900a7-76bd-41d0-bb7e-e10db2bfd041", "method": "PUT", "status": 200}
INFO:     {"event": "request", "request_id": "2bd705b7-349d-48ed-9fab-778efc208e5d", "method": "POST", "status": 202}
INFO:     {"event": "request", "request_id": "9497a9ca-27a9-489a-b030-898f7c25c0bf", "method": "GET", "status": 200}
INFO:     {"event": "request", "request_id": "6c33095e-8108-4edc-9736-0d702e7f3df0", "method": "GET", "status": 200}
INFO:     {"event": "request", "request_id": "2f4810f0-d6e1-4f33-8e25-3cd94946adbd", "method": "GET", "status": 200}
INFO:     {"event": "request", "request_id": "ab89e9ca-d522-443e-89cb-7d160140136b", "method": "POST", "status": 200}
INFO:     {"event": "request", "request_id": "834f5169-edc0-426e-9367-15381a2ae520", "method": "POST", "status": 202}
INFO:     {"event": "request", "request_id": "be5122c0-2a14-4203-97af-6517e40b9f43", "method": "GET", "status": 200}
INFO:     {"event": "request", "request_id": "c97a6929-7c59-4844-a232-d6d571255b13", "method": "GET", "status": 200}
INFO:     {"event": "request", "request_id": "4df0e993-2d10-4515-b017-903683a3336b", "method": "GET", "status": 200}
INFO:     {"event": "request", "request_id": "533e300d-4e18-4040-9e07-f76350a0129b", "method": "GET", "status": 200}
INFO:     {"event": "request", "request_id": "4471a81e-1762-4e91-9c4e-55150f789c28", "method": "GET", "status": 200}
INFO:     {"event": "request", "request_id": "3bf7de2b-41cf-4e21-9e20-5ce83c6c0ef6", "method": "GET", "status": 200}
INFO:     {"event": "request", "request_id": "7a9f120a-2911-4a51-a672-b4c66a25214b", "method": "POST", "status": 200}
INFO:     {"event": "request", "request_id": "e7570530-3274-487d-9d1b-e6c6043be76c", "method": "POST", "status": 200}
INFO:     {"event": "request", "request_id": "73fc4451-6103-4a31-b1d9-b68cdb798567", "method": "GET", "status": 200}
INFO:     {"event": "request", "request_id": "d947d21b-8de7-484f-8860-6dec7fea3353", "method": "GET", "status": 200}
INFO:     {"event": "request", "request_id": "851313a2-aaba-4ff1-bc53-5aea4e8c9952", "method": "GET", "status": 200}
INFO:     {"event": "request", "request_id": "eb178679-2242-46a5-8cb1-fb6dcbffee4c", "method": "GET", "status": 200}
INFO:     {"event": "request", "request_id": "c461c00e-3820-4b8d-88ac-f7f0e343e78f", "method": "GET", "status": 200}
INFO:     {"event": "request", "request_id": "e25d5e67-aa57-4be4-a7bb-162818771958", "method": "PUT", "status": 200}
INFO:     {"event": "request", "request_id": "159ee11e-9e41-4e64-b94c-3c10d24925fb", "method": "POST", "status": 200}
INFO:     {"event": "request", "request_id": "74fc9f67-1047-403d-b847-ab865b9b8548", "method": "GET", "status": 200}
INFO:     {"event": "request", "request_id": "d7b81ad7-5885-4d3a-a75a-c182cb8bc596", "method": "POST", "status": 202}
INFO:     {"event": "request", "request_id": "bb6c7002-866a-4224-b543-7ff1b8c41096", "method": "GET", "status": 200}
INFO:     {"event": "request", "request_id": "87fd5195-90e2-450f-b29c-2c0d660b043b", "method": "GET", "status": 200}
INFO:     {"event": "request", "request_id": "2152b4cb-6c99-4e69-b831-4d02481365fc", "method": "GET", "status": 200}
INFO:     {"event": "request", "request_id": "3c787b72-f94b-4bf0-b197-124e180da7e1", "method": "GET", "status": 200}
INFO:     {"event": "request", "request_id": "1a32e428-d20e-4ff9-abb0-6ccbea7c9692", "method": "GET", "status": 200}
INFO:     {"event": "request", "request_id": "071044f4-0da2-4b7d-b104-75164d0cdbeb", "method": "PUT", "status": 200}
INFO:     {"event": "request", "request_id": "bc369f22-4be4-440a-a537-af626366b343", "method": "GET", "status": 200}
INFO:     {"event": "request", "request_id": "ec4c67e1-a878-42e9-bfc9-2a44ac71e784", "method": "GET", "status": 200}
INFO:     {"event": "request", "request_id": "92ae5b01-79ae-44cf-873f-0a3e9815829b", "method": "GET", "status": 200}
INFO:     {"event": "request", "request_id": "7c279e84-d7c6-45fe-b020-a7fa42f62aef", "method": "POST", "status": 200}
INFO:     {"event": "request", "request_id": "32bb68a1-9f62-402f-a6b5-cee3d887710f", "method": "POST", "status": 200}
INFO:     {"event": "request", "request_id": "5a62f927-af51-4ae3-a73d-c6a56ad471f4", "method": "GET", "status": 200}
INFO:     {"event": "request", "request_id": "f69f35f9-6b97-48a3-9543-1371de810a2c", "method": "GET", "status": 200}
INFO:     {"event": "request", "request_id": "459f8f11-90cb-4fdf-99ec-4b0b61354e1f", "method": "GET", "status": 200}
INFO:     {"event": "request", "request_id": "2eb081e7-22d4-4d88-9868-8ba31708558b", "method": "GET", "status": 200}
INFO:     {"event": "request", "request_id": "5941b0ac-3f98-464c-a525-40c319118a09", "method": "GET", "status": 200}
INFO:     {"event": "request", "request_id": "62313f99-08ba-4187-85fd-c9c1d734da18", "method": "POST", "status": 409}
INFO:     {"event": "request", "request_id": "3d10f2b5-aeba-4617-9d1d-cb2ab340d10a", "method": "POST", "status": 202}
INFO:     {"event": "request", "request_id": "58a38bd1-9161-40e0-9b62-aec68745cd6a", "method": "GET", "status": 200}
INFO:     {"event": "request", "request_id": "492bc7ae-738f-416a-a77d-10e07048b8bb", "method": "GET", "status": 200}
INFO:     {"event": "request", "request_id": "ccd44c35-57d1-4381-a041-afaf651ffa54", "method": "GET", "status": 200}
INFO:     {"event": "request", "request_id": "aed96058-4610-4886-a178-1399ff2fa607", "method": "GET", "status": 200}
INFO:     {"event": "request", "request_id": "82f0306a-a202-4456-bf5a-f065f789f92b", "method": "PUT", "status": 200}
INFO:     {"event": "request", "request_id": "6f3ff7ef-e17f-4497-9e57-04483f9b0521", "method": "POST", "status": 200}
INFO:     {"event": "request", "request_id": "520a5243-6c56-4d0d-b8f8-8f3010687ffa", "method": "POST", "status": 202}
INFO:     {"event": "request", "request_id": "787d41ce-8f69-49e1-b14e-bdf3b291232f", "method": "GET", "status": 200}
INFO:     {"event": "request", "request_id": "dd524342-b6e5-48c0-8bff-0f2f1c6f34ef", "method": "GET", "status": 200}
INFO:     {"event": "request", "request_id": "4fb3479f-c8f0-4c34-b74f-f9a90e91ecdb", "method": "GET", "status": 200}
INFO:     {"event": "request", "request_id": "bd7bb7c4-aaaf-4f7c-b149-54afe5bfe101", "method": "GET", "status": 200}
INFO:     {"event": "request", "request_id": "5e13e2a0-73b7-4ddb-8e10-7b4f7ac5c703", "method": "GET", "status": 200}
INFO:     {"event": "request", "request_id": "e3c3d765-6d42-4149-ba0f-1ae07ec132cb", "method": "GET", "status": 200}
INFO:     {"event": "request", "request_id": "c77b6dec-b62a-4417-8872-6ea4c2db0f98", "method": "POST", "status": 200}
INFO:     {"event": "request", "request_id": "4339c94c-8b8c-46aa-a41a-1e92a1ac64ac", "method": "POST", "status": 202}
INFO:     {"event": "request", "request_id": "8e54f14b-b017-47dc-8a9a-8c783a7d413c", "method": "GET", "status": 200}
INFO:     {"event": "request", "request_id": "ca2e350f-7902-4a91-8c59-16ad26b40be2", "method": "GET", "status": 200}
INFO:     {"event": "request", "request_id": "49cd10df-3d08-48ee-8435-e8ee0d42f920", "method": "GET", "status": 200}
INFO:     {"event": "request", "request_id": "eda6a22e-90aa-4e91-8d03-984b046536b7", "method": "GET", "status": 200}
INFO:     {"event": "request", "request_id": "385b4c5c-83ff-4b64-94ef-6e60edd123bd", "method": "GET", "status": 200}
INFO:     {"event": "request", "request_id": "3fc6d407-0182-444e-8fa3-f4aabd7b9513", "method": "POST", "status": 200}
INFO:     {"event": "request", "request_id": "a19941f7-0d0e-4a98-99b2-05b22097a459", "method": "POST", "status": 200}
INFO:     {"event": "request", "request_id": "94deda56-3131-4f67-a09a-3eb03107a60e", "method": "GET", "status": 200}
INFO:     {"event": "request", "request_id": "4d4d71bf-09dc-4608-baea-531142afa871", "method": "GET", "status": 200}
INFO:     {"event": "request", "request_id": "bd7dffd8-c0d3-4918-a24d-f49b975acae4", "method": "GET", "status": 200}
INFO:     {"event": "request", "request_id": "4f80a53d-cf27-4b06-905f-1fbb3ee1d0e3", "method": "GET", "status": 200}
INFO:     {"event": "request", "request_id": "0347d5c9-a411-4bc6-9832-d23bfb8b23f7", "method": "POST", "status": 200}
INFO:     {"event": "operation", "operation_id": "f1cc4930-5772-45b8-83c6-cafc46851f60", "job_id": null, "outreach_id": null, "provider": "gmail", "status": "blocked"}
INFO:     {"event": "request", "request_id": "a27c9fe7-4cba-4706-a602-330eb11c43a4", "method": "POST", "status": 409}
INFO:     {"event": "request", "request_id": "e479fee3-ca0f-4527-b84d-04ca909bc72d", "method": "POST", "status": 202}
INFO:     {"event": "request", "request_id": "5f27aee4-8c71-4a3e-b182-dc4e1599424d", "method": "GET", "status": 200}
INFO:     {"event": "request", "request_id": "c4172408-1d1d-401d-a01e-26c5c145d1af", "method": "GET", "status": 200}
INFO:     {"event": "request", "request_id": "09509612-8833-498d-bb69-d5cd5d859ab2", "method": "GET", "status": 200}
INFO:     {"event": "request", "request_id": "cbe0b28e-afff-4c0b-941c-07dfcc8d357f", "method": "GET", "status": 200}
INFO:     {"event": "request", "request_id": "0be22207-e101-4318-b063-da1fbd2b6867", "method": "GET", "status": 200}
INFO:     {"event": "request", "request_id": "ca4b155e-5bfc-45a2-b2a9-76a6b635e39e", "method": "POST", "status": 202}
INFO:     {"event": "request", "request_id": "6ed093f6-0973-4a44-8fec-f88a1d237bff", "method": "GET", "status": 200}
INFO:     {"event": "request", "request_id": "c9593487-9990-4058-a017-fcd591a20886", "method": "GET", "status": 200}
INFO:     {"event": "request", "request_id": "2f0a9b8d-bb4c-4add-adab-dcfe2e65a294", "method": "GET", "status": 200}
INFO:     {"event": "request", "request_id": "6e061152-65d2-41d6-9915-b17160be0f3f", "method": "GET", "status": 200}
INFO:     {"event": "request", "request_id": "247f4e30-e5a0-4a22-a895-c8bf270d7a39", "method": "GET", "status": 200}
INFO:     {"event": "operation", "operation_id": "f1cc4930-5772-45b8-83c6-cafc46851f60", "job_id": null, "outreach_id": null, "provider": "gmail", "status": "reserved"}
INFO:     {"event": "operation", "operation_id": "f1cc4930-5772-45b8-83c6-cafc46851f60", "job_id": null, "outreach_id": null, "provider": "gmail", "status": "succeeded"}
INFO:     {"event": "request", "request_id": "ae580a28-d04d-43b1-bbf4-49321977bb6b", "method": "POST", "status": 200}
INFO:     {"event": "request", "request_id": "3e29832a-abe8-4884-867f-3503f6c5922b", "method": "GET", "status": 200}
INFO:     {"event": "request", "request_id": "270ef02f-779f-4d0c-bee7-cc6fe727ac6e", "method": "POST", "status": 202}
INFO:     {"event": "request", "request_id": "351d9f3d-b169-44ff-8615-483d60c335c9", "method": "GET", "status": 200}
INFO:     {"event": "request", "request_id": "7580e776-f747-4879-b092-13c37287bc9a", "method": "GET", "status": 200}
INFO:     {"event": "request", "request_id": "d51ef88f-0043-4235-957c-699293f9d502", "method": "GET", "status": 200}
INFO:     {"event": "request", "request_id": "8e33e2f1-8271-4d74-9a1f-b75369c9a671", "method": "GET", "status": 200}
INFO:     {"event": "request", "request_id": "b4b65bda-6940-43bc-81b0-9a7fbccadc68", "method": "GET", "status": 200}
INFO:     {"event": "request", "request_id": "15b0cf29-f61b-4e2b-975f-213eecef03e8", "method": "GET", "status": 200}
INFO:     {"event": "request", "request_id": "efc5f3aa-9a54-4160-9d85-473824ebb2f4", "method": "GET", "status": 200}
INFO:     {"event": "request", "request_id": "d5e2b3f8-2c05-4a38-bc20-c6e067a4fb80", "method": "GET", "status": 200}
INFO:     {"event": "request", "request_id": "af4a742b-08ba-4af9-b8c5-3bae07b23a8a", "method": "GET", "status": 200}
INFO:     {"event": "request", "request_id": "488492cf-7d0f-4f5e-83a6-38242a0bdca6", "method": "GET", "status": 200}
INFO:     {"event": "request", "request_id": "548ff33a-80fc-4b71-8519-2fce25be60f9", "method": "GET", "status": 200}
INFO:     {"event": "request", "request_id": "2231f0ad-2838-4371-8b01-4b9ca824cd0e", "method": "POST", "status": 200}
INFO:     {"event": "request", "request_id": "545c69d7-7f1e-409a-b029-e61d8bbe665b", "method": "POST", "status": 202}
INFO:     {"event": "request", "request_id": "6f610d7b-6883-4aff-a63f-31a9c5ddd8e7", "method": "GET", "status": 200}
INFO:     {"event": "request", "request_id": "457c06c7-fbb6-42d6-832c-64a61478a255", "method": "GET", "status": 200}
INFO:     {"event": "request", "request_id": "c5215212-8c7a-48d0-8ed8-414c68b83914", "method": "GET", "status": 200}
INFO:     {"event": "request", "request_id": "cf841e00-5b4a-46c0-b7b6-386f6d929f98", "method": "GET", "status": 200}
INFO:     {"event": "request", "request_id": "8f0dff7c-9ed1-48ee-845b-e468becd9b77", "method": "POST", "status": 200}
INFO:     {"event": "request", "request_id": "ef4c1fbb-5e39-4aea-8550-480b5f54d98d", "method": "POST", "status": 200}
INFO:     {"event": "request", "request_id": "25508d73-ea87-4a2a-b064-beb8e0c1bfbc", "method": "GET", "status": 200}
INFO:     {"event": "request", "request_id": "304b32b9-8968-427b-965c-18c0ee37ffab", "method": "GET", "status": 200}
INFO:     {"event": "request", "request_id": "53eed5e4-d73f-4f00-8ef6-b7ff4cc3d5d0", "method": "GET", "status": 200}
INFO:     {"event": "request", "request_id": "3b973bb8-1871-4566-84cf-98f425e06308", "method": "GET", "status": 200}
INFO:     {"event": "request", "request_id": "df1e346a-fb58-4ad5-80b4-477d8bef4de9", "method": "GET", "status": 200}
INFO:     {"event": "request", "request_id": "077edb87-b129-4421-94bd-9935fdb15453", "method": "GET", "status": 200}
INFO:     {"event": "request", "request_id": "39180ca2-afc0-49de-944a-a3d90b69786c", "method": "POST", "status": 202}
INFO:     {"event": "request", "request_id": "f474c336-2aae-4582-8c72-6e3f553e2cca", "method": "GET", "status": 200}
INFO:     {"event": "request", "request_id": "d58b49d6-bf42-496f-a406-0eea993c4a1e", "method": "GET", "status": 200}
INFO:     {"event": "request", "request_id": "ee6ef13d-7547-4af2-af92-ccbbe97a8e9d", "method": "GET", "status": 200}
INFO:     {"event": "request", "request_id": "409c1ea5-4037-4b39-8251-3fcf9e568487", "method": "GET", "status": 200}
INFO:     {"event": "request", "request_id": "efa8df0a-1cf5-4f9b-a6db-259d0e0e096b", "method": "POST", "status": 200}
INFO:     {"event": "request", "request_id": "b1a934c9-3962-4d82-bfab-df3bfa4cac56", "method": "POST", "status": 202}
INFO:     {"event": "request", "request_id": "c8046f09-3fe0-480c-b61a-2f36ae67a71d", "method": "GET", "status": 200}
INFO:     {"event": "request", "request_id": "95a85317-a0d5-4e18-8d18-019880fdd6a1", "method": "GET", "status": 200}
INFO:     {"event": "request", "request_id": "4397c404-d4c9-4bd7-a414-23d2c6bf4252", "method": "GET", "status": 200}
INFO:     {"event": "request", "request_id": "4ee7c7cb-d94f-42d1-bab6-cd2be28974e8", "method": "GET", "status": 200}
INFO:     {"event": "request", "request_id": "b1fc923f-1b69-462b-ab7d-647d9aeaecf1", "method": "POST", "status": 200}
INFO:     {"event": "request", "request_id": "8465294f-e06d-44ad-aadc-2229575ec2a3", "method": "POST", "status": 200}
INFO:     {"event": "request", "request_id": "1a36fbf9-3d8d-45d7-9b8f-ce56e0872e23", "method": "GET", "status": 200}
INFO:     {"event": "request", "request_id": "372a82be-de75-4427-be40-b9b545ef1bb7", "method": "GET", "status": 200}
INFO:     {"event": "request", "request_id": "72fe65a8-e294-4b2c-adca-5a0d6b8f5ead", "method": "GET", "status": 200}
INFO:     {"event": "request", "request_id": "04b30f02-c6df-429b-bf68-53c7eb49a76d", "method": "GET", "status": 200}
INFO:     {"event": "request", "request_id": "85e88060-8f5d-4078-a7f8-9cd26b15ca47", "method": "POST", "status": 200}
INFO:     {"event": "operation", "operation_id": "7dec108c-e02d-4e38-ad08-faa5609484af", "job_id": null, "outreach_id": null, "provider": "gmail", "status": "blocked"}
INFO:     {"event": "request", "request_id": "cef92331-b447-4ec3-b7ae-02dbef2a2c3e", "method": "POST", "status": 409}
INFO:     {"event": "request", "request_id": "4bda853e-006b-4439-9f2c-7953ab4e0b22", "method": "PUT", "status": 200}
INFO:     {"event": "request", "request_id": "0f09be17-b91f-45a6-bdc0-842bac20705f", "method": "POST", "status": 200}
INFO:     {"event": "request", "request_id": "b3d039cc-027c-41e1-aae8-e73cf119c8c5", "method": "GET", "status": 200}
INFO:     {"event": "request", "request_id": "ed3c0f29-46cc-47b9-8848-557d0b6e145c", "method": "POST", "status": 202}
INFO:     {"event": "request", "request_id": "c1692826-224a-4240-9043-89c60d5f136a", "method": "GET", "status": 200}
INFO:     {"event": "request", "request_id": "f64274ca-9117-422a-a7b9-d52b2b0bfdc0", "method": "GET", "status": 200}
INFO:     {"event": "request", "request_id": "841e3e2f-35b3-426f-9d63-f15555979089", "method": "GET", "status": 200}
INFO:     {"event": "request", "request_id": "7b1c652f-8234-4346-abbe-1eca683ab973", "method": "GET", "status": 200}
INFO:     {"event": "request", "request_id": "0f26672e-889d-436c-bd3a-83a37c73c19b", "method": "GET", "status": 200}
INFO:     {"event": "request", "request_id": "1a59d5e9-fa1e-48df-ac12-1330e2956b2c", "method": "PUT", "status": 200}
INFO:     {"event": "request", "request_id": "a62c8610-67f5-4132-be72-a706fb9f3d24", "method": "GET", "status": 200}
INFO:     {"event": "request", "request_id": "a5308a64-8528-47fc-a8f8-150033f64155", "method": "GET", "status": 200}
INFO:     {"event": "request", "request_id": "0b4e3f36-cf59-4660-bf03-7d2f4b740b83", "method": "GET", "status": 200}
INFO:     {"event": "request", "request_id": "c655218f-6705-4e7a-b6be-3d687d735ed3", "method": "GET", "status": 200}
INFO:     {"event": "request", "request_id": "8dc07450-e5eb-4c60-ad51-0b2b0112e2b8", "method": "GET", "status": 200}
INFO:     {"event": "request", "request_id": "945d49b6-857a-44ae-bfc8-dbddc884c23c", "method": "GET", "status": 200}
INFO:     {"event": "request", "request_id": "10d8168e-f675-4e89-93f3-f5b37e862735", "method": "GET", "status": 200}
INFO:     {"event": "request", "request_id": "bf62e966-332f-4189-9ff0-7634eaaf5f77", "method": "POST", "status": 200}
INFO:     {"event": "request", "request_id": "832fdde0-fb4a-4a13-9e9f-21c62b1762b9", "method": "GET", "status": 200}
INFO:     {"event": "request", "request_id": "a78635a6-c0de-4e12-8590-b2fc04a68948", "method": "POST", "status": 200}
INFO:     {"event": "request", "request_id": "b6fc89bc-4891-4f81-9c20-4514b44a766f", "method": "GET", "status": 200}
INFO:     {"event": "request", "request_id": "0d2a9bd5-55b0-4c57-91c3-6e3b9ac8cf0d", "method": "GET", "status": 200}
INFO:     {"event": "request", "request_id": "cc16d9ff-903e-4cd3-a255-d2fc73fdb41d", "method": "GET", "status": 200}
